[backblue.gif]
[fade.gif]
[index.html]
[constcourt.ge/index.html]
[constcourt.ge/favicon.ico]
[constcourt.ge/js/highslide/highslide-with-html.js]
[constcourt.ge/js/lang-s.js]
[constcourt.ge/js/prototype.js]
[constcourt.ge/js/scriptaculousb395.js]
[constcourt.ge/js/lightbox.js]
[constcourt.ge/adm_includes/editor/editor.js]
[constcourt.ge/script.js]
[constcourt.ge/geokb.js]
[constcourt.ge/unifunctions.js]
[constcourt.ge/scripts/AC_RunActiveContent.js]
[constcourt.ge/swfobject.js]
[constcourt.ge/imgs/search_date_bg.jpg]
[constcourt.ge/js/jquery.min.js]
[constcourt.ge/js/jqueryslidemenu.js]
[constcourt.ge/js/jquery-1.9.1.js]
[constcourt.ge/js/jquery.collapse.js]
[constcourt.ge/imgs/gerb2.gif]
[constcourt.ge/imgs/ccg_GEO.png]
[constcourt.ge/law/konstitucia.html]
[constcourt.ge/law/saqarTvelos_sakonstitucio_sasamarTlos_reglamenti.html]
[constcourt.ge/files/form.html]
[constcourt.ge/files/mform.html]
[constcourt.ge/imgs/fb.jpg]
[constcourt.ge/imgs/mail.jpg]
[constcourt.ge/imgs/pp.png]
[constcourt.ge/imgs/shadow.png]
[constcourt.ge/imgs/body_bg.jpg]
[constcourt.ge/album/6_1356_806962.jpg]
[constcourt.ge/functions/imgd8a1.jpg]
[constcourt.ge/album/6_1351_622639.jpg]
[constcourt.ge/imgs/notepad.png]
[constcourt.ge/imgs/word.png]
[constcourt.ge/files/form_p.doc]
[constcourt.ge/files/form_s.doc]
[constcourt.ge/imgs/eu.jpg]
[constcourt.ge/imgs/budget.jpg]
[constcourt.ge/imgs/game.jpg]
[constcourt.ge/imgs/stat.png]
[constcourt.ge/imgs/judgement.png]
[constcourt.ge/imgs/photos.png]
[constcourt.ge/imgs/book.png]
[constcourt.ge/swf/mediaplayer.swf]
[constcourt.ge/video/ccg/video_GEO.flv]
[constcourt.ge/index8b1e.html]
[constcourt.ge/css/fonts/bpg_nino_mtavruli_bold-webfont.eot]
[constcourt.ge/css/fonts/bpg_nino_mtavruli_bold-webfont.woff]
[constcourt.ge/css/fonts/bpg_nino_mtavruli_bold-webfont.ttf]
[constcourt.ge/css/fonts/nino/nino.eot]
[constcourt.ge/css/fonts/nino/nino.woff]
[constcourt.ge/css/fonts/nino/nino.ttf]
[constcourt.ge/css/font.css]
[constcourt.ge/js/highslide/graphics/fullexpand.gif]
[constcourt.ge/js/highslide/graphics/loader.white.gif]
[constcourt.ge/js/highslide/graphics/close.png]
[constcourt.ge/js/highslide/graphics/controlbar-white.gif]
[constcourt.ge/js/highslide/graphics/resize.gif]
[constcourt.ge/js/highslide/graphics/closeX.png]
[constcourt.ge/js/highslide/graphics/controlbar-black-border.gif]
[constcourt.ge/js/highslide/graphics/icon.gif]
[constcourt.ge/js/highslide/graphics/controlbar-white-small.gif]
[constcourt.ge/js/highslide/graphics/controlbar-text-buttons.png]
[constcourt.ge/js/highslide/highslide.css]
[constcourt.ge/js/highslide/graphics/scrollarrows.png]
[constcourt.ge/js/highslide/graphics/index.html]
[constcourt.ge/images/prevlabel.gif]
[constcourt.ge/css/lightbox.css]
[constcourt.ge/images/nextlabel.gif]
[constcourt.ge/imgs/news_ico.jpg]
[constcourt.ge/imgs/thead.jpg]
[constcourt.ge/css/style_ge.css]
[constcourt.ge/css/jqueryslidemenu.css]
[constcourt.ge/css/vertical.css]
[constcourt.ge/index9c12.html]
[constcourt.ge/imgs/stat_GEO.gif]
[constcourt.ge/cod]
[constcourt.ge/imgs/ico.jpg]
[constcourt.ge/index12ed.html]
[constcourt.ge/index1f5f.html]
[constcourt.ge/error.html]
[constcourt.ge/imgs/map_geo.jpg]
[constcourt.ge/functions/imgf3d2.jpg]
[constcourt.ge/functions/img905c.jpg]
[constcourt.ge/index0c70.html]
[constcourt.ge/law/saqarTvelos_organuli_kanoni.doc]
[constcourt.ge/law/samartalwarmoebis_shesaxeb.doc]
[constcourt.ge/law/social_dacva.doc]
[constcourt.ge/indexa3fb.html]
[constcourt.ge/index2389.html]
[constcourt.ge/index57c9.html]
[constcourt.ge/index1ec4.html]
[constcourt.ge/local/index.html]
[constcourt.ge/index352b.html]
[constcourt.ge/files/sajaro/sajaro_informacia.doc]
[constcourt.ge/files/sajaro/dadgenileba.doc]
[constcourt.ge/index2e99.html]
[constcourt.ge/index211a.html]
[constcourt.ge/index1e59.html]
[constcourt.ge/indexa6ba.html]
[constcourt.ge/functions/img1ff8.jpg]
[constcourt.ge/files/stat/1996-2014.doc]
[constcourt.ge/files/stat/2014_04_14.doc]
[constcourt.ge/files/stat/1996-2013.doc]
[constcourt.ge/files/stat/stat_2013.doc]
[constcourt.ge/files/stat/1996-2012.doc]
[constcourt.ge/files/stat/1996-2011.doc]
[constcourt.ge/files/stat/2011.doc]
[constcourt.ge/files/stat/1996-2010.doc]
[constcourt.ge/files/stat/2010.doc]
[constcourt.ge/files/stat/1996-2009.doc]
[constcourt.ge/files/stat/2009.doc]
[constcourt.ge/files/stat/1996-2008.doc]
[constcourt.ge/files/stat/2008.doc]
[constcourt.ge/files/stat/1996-2007.doc]
[constcourt.ge/files/stat/1996-2006.doc]
[constcourt.ge/functions/img523e.jpg]
[constcourt.ge/functions/imge732.jpg]
[constcourt.ge/functions/imgba73.jpg]
[constcourt.ge/functions/imgd800.jpg]
[constcourt.ge/functions/img5e64.jpg]
[constcourt.ge/functions/img7e3d.jpg]
[constcourt.ge/index71c2.html]
[constcourt.ge/index412f.html]
[constcourt.ge/index73c7.html]
[constcourt.ge/index440f.html]
[constcourt.ge/index8116.html]
[constcourt.ge/files/1921_geo.doc]
[constcourt.ge/index20ea.html]
[constcourt.ge/album/303_1022_612186.jpg]
[constcourt.ge/functions/imga2aa.jpg]
[constcourt.ge/functions/img5601.jpg]
[constcourt.ge/functions/img3404.jpg]
[constcourt.ge/files/P1geo.pdf]
[constcourt.ge/functions/img032b.jpg]
[constcourt.ge/functions/imgf085.jpg]
[constcourt.ge/functions/img6ffc.jpg]
[constcourt.ge/functions/imgad6b.jpg]
[constcourt.ge/functions/img7cd9.jpg]
[constcourt.ge/index6632.html]
[constcourt.ge/album/304_1023_749237.jpg]
[constcourt.ge/files/const_1921.pdf]
[constcourt.ge/album/304_1023_245636.jpg]
[constcourt.ge/files/book_2013_.pdf]
[constcourt.ge/album/304_1023_520471.jpg]
[constcourt.ge/files/book_2013.pdf]
[constcourt.ge/album/304_1023_339802.jpg]
[constcourt.ge/files/ENG_FR_book.pdf]
[constcourt.ge/album/4_238_840160.jpg]
[constcourt.ge/files/book_2010.doc]
[constcourt.ge/album/4_238_620884.jpg]
[constcourt.ge/files/book_2009.doc]
[constcourt.ge/functions/img4d7b.jpg]
[constcourt.ge/files/book_2008.doc]
[constcourt.ge/functions/img212e.jpg]
[constcourt.ge/files/book_2006-2007.pdf]
[constcourt.ge/functions/img8be3.jpg]
[constcourt.ge/functions/img139d.jpg]
[constcourt.ge/functions/img28f3.jpg]
[constcourt.ge/functions/imgd656.jpg]
[constcourt.ge/functions/img0924.jpg]
[constcourt.ge/functions/imgb72f.jpg]
[constcourt.ge/functions/imge810.jpg]
[constcourt.ge/functions/img1655.jpg]
[constcourt.ge/functions/imge149.jpg]
[constcourt.ge/functions/imgac86.jpg]
[constcourt.ge/functions/img6f95.jpg]
[constcourt.ge/index9c34.html]
[constcourt.ge/index9054.html]
[constcourt.ge/indexaa67.html]
[constcourt.ge/index2e0d.html]
[constcourt.ge/indexb590.html]
[constcourt.ge/index7229.html]
[constcourt.ge/index2f86.html]
[constcourt.ge/indexf4b1.html]
[constcourt.ge/index52a5.html]
[constcourt.ge/index69bc.html]
[constcourt.ge/index9e5b.html]
[constcourt.ge/index837b.html]
[constcourt.ge/index2653.html]
[constcourt.ge/files/budget/2014_budget.xls]
[constcourt.ge/index2078.html]
[constcourt.ge/files/budget/2014_kv.xls]
[constcourt.ge/game/index.html]
[constcourt.ge/game/sasamartlo.swf]
[constcourt.ge/functions/img5ad1.jpg]
[constcourt.ge/functions/imgb591.jpg]
[constcourt.ge/functions/img53cf.jpg]
[constcourt.ge/functions/img2438.jpg]
[constcourt.ge/functions/imgced1.jpg]
[constcourt.ge/functions/imge214.jpg]
[constcourt.ge/functions/img7bc1.jpg]
[constcourt.ge/functions/img2955.jpg]
[constcourt.ge/functions/img8116.jpg]
[constcourt.ge/functions/img67aa.jpg]
[constcourt.ge/functions/imgee79.jpg]
[constcourt.ge/functions/img7b41.jpg]
[constcourt.ge/functions/img1054.jpg]
[constcourt.ge/functions/imgb199.jpg]
[constcourt.ge/functions/img2a2b.jpg]
[constcourt.ge/functions/imgfad9.jpg]
[constcourt.ge/functions/img797f.jpg]
[constcourt.ge/functions/img3436.jpg]
[constcourt.ge/functions/img8558.jpg]
[constcourt.ge/functions/img1ec7.jpg]
[constcourt.ge/functions/img2e51.jpg]
[constcourt.ge/functions/img04bb.jpg]
[constcourt.ge/functions/imga39b.jpg]
[constcourt.ge/functions/img5ba0.jpg]
[constcourt.ge/functions/img6e9c.jpg]
[constcourt.ge/functions/img9408.jpg]
[constcourt.ge/functions/img506d.jpg]
[constcourt.ge/functions/img03e2.jpg]
[constcourt.ge/functions/img3ed8.jpg]
[constcourt.ge/functions/img578a.jpg]
[constcourt.ge/index69e4.html]
[constcourt.ge/index8f0c.html]
[constcourt.ge/css/fonts/bpg_nino_mtavruli_bold-webfont.svg]
[constcourt.ge/css/fonts/nino/nino.html]
[constcourt.ge/css/for_editor_en.css]
[constcourt.ge/css/imgs/nav_ico.html]
[constcourt.ge/indexf5fe.html]
[constcourt.ge/indexa76b.html]
[constcourt.ge/indexaf0c.html]
[constcourt.ge/indexbe68.html]
[constcourt.ge/index5509.html]
[constcourt.ge/index4506.html]
[constcourt.ge/index2bc5.html]
[constcourt.ge/index1720.html]
[constcourt.ge/indexfaf7.html]
[constcourt.ge/index3ef3.html]
[constcourt.ge/index2129.html]
[constcourt.ge/index8a38.html]
[constcourt.ge/indexde31.html]
[constcourt.ge/index43bf.html]
[constcourt.ge/indexa8bc.html]
[constcourt.ge/index7c27.html]
[constcourt.ge/index5861.html]
[constcourt.ge/index7d53.html]
[constcourt.ge/index5453.html]
[constcourt.ge/index8211.html]
[constcourt.ge/index1c91.html]
[constcourt.ge/index9252.html]
[constcourt.ge/index9c82.html]
[constcourt.ge/indexfa87.html]
[constcourt.ge/indexf3e8.html]
[constcourt.ge/index388b.html]
[constcourt.ge/files/Legal_Aspects_of_War_in_Georgia.pdf]
[constcourt.ge/index0a83.html]
[constcourt.ge/index3a06.html]
[constcourt.ge/index2a3f.html]
[constcourt.ge/indexbd87.html]
[constcourt.ge/index820e.html]
[constcourt.ge/index5daa.html]
[constcourt.ge/index398e.html]
[constcourt.ge/index93a1.html]
[constcourt.ge/index2de8.html]
[constcourt.ge/indexda7d.html]
[constcourt.ge/index411b.html]
[constcourt.ge/indexe207.html]
[constcourt.ge/indexba35.html]
[constcourt.ge/index10d5.html]
[constcourt.ge/index120a.html]
[constcourt.ge/index0d60.html]
[constcourt.ge/indexea88.html]
[constcourt.ge/index1914.html]
[constcourt.ge/index5f36.html]
[constcourt.ge/index80c9.html]
[constcourt.ge/indexde5a.html]
[constcourt.ge/indexdd07.html]
[constcourt.ge/index4126.html]
[constcourt.ge/indexf517.html]
[constcourt.ge/indexabbe.html]
[constcourt.ge/index3130.html]
[constcourt.ge/indexd20e.html]
[constcourt.ge/index5e6c.html]
[constcourt.ge/indexd54c.html]
[constcourt.ge/index738f.html]
[constcourt.ge/indexe426.html]
[constcourt.ge/indexd9dc.html]
[constcourt.ge/index674b.html]
[constcourt.ge/indexa45c.html]
[constcourt.ge/indexa158.html]
[constcourt.ge/index3452.html]
[constcourt.ge/indexe242.html]
[constcourt.ge/index9e33.html]
[constcourt.ge/album/stat/1.gif]
[constcourt.ge/functions/img35df.jpg]
[constcourt.ge/album/stat/2.gif]
[constcourt.ge/indexbc40.html]
[constcourt.ge/functions/imgfc84.jpg]
[constcourt.ge/indexa502.html]
[constcourt.ge/index866c.html]
[constcourt.ge/index02c9.html]
[constcourt.ge/index511b.html]
[constcourt.ge/index2f8a.html]
[constcourt.ge/indexcbdf.html]
[constcourt.ge/index5aa5.html]
[constcourt.ge/index37a3.html]
[constcourt.ge/index1fce.html]
[constcourt.ge/index74b1.html]
[constcourt.ge/index7157.html]
[constcourt.ge/indexc027.html]
[constcourt.ge/index5de2.html]
[constcourt.ge/index2bff.html]
[constcourt.ge/indexa5b6.html]
[constcourt.ge/indexcdae.html]
[constcourt.ge/indexec9a.html]
[constcourt.ge/index9419.html]
[constcourt.ge/indexb2f2.html]
[constcourt.ge/index2dc6.html]
[constcourt.ge/indexcd0e.html]
[constcourt.ge/indexcc4d.html]
[constcourt.ge/index3054.html]
[constcourt.ge/indexabcd.html]
[constcourt.ge/index8819.html]
[constcourt.ge/index472c.html]
[constcourt.ge/index6e29.html]
[constcourt.ge/index7005.html]
[constcourt.ge/indexc402.html]
[constcourt.ge/index94ca.html]
[constcourt.ge/indexaaaa.html]
[constcourt.ge/indexc679.html]
[constcourt.ge/index8af0.html]
[constcourt.ge/index6bda.html]
[constcourt.ge/index895a.html]
[constcourt.ge/indexcf89.html]
[constcourt.ge/indexa07c.html]
[constcourt.ge/indexaedf.html]
[constcourt.ge/index4e39.html]
[constcourt.ge/indexd340.html]
[constcourt.ge/indexead0.html]
[constcourt.ge/index131b.html]
[constcourt.ge/indexb163.html]
[constcourt.ge/index5861-2.html]
[constcourt.ge/index8f60.html]
[constcourt.ge/indexada0.html]
[constcourt.ge/index259b.html]
[constcourt.ge/index5d4c.html]
[constcourt.ge/index33cb.html]
[constcourt.ge/index46f0.html]
[constcourt.ge/index3c4e.html]
[constcourt.ge/indexdb3c.html]
[constcourt.ge/index946c.html]
[constcourt.ge/indexe3dc.html]
[constcourt.ge/index932f.html]
[constcourt.ge/indexa26c.html]
[constcourt.ge/indexc0e5.html]
[constcourt.ge/index58e4.html]
[constcourt.ge/index9a58.html]
[constcourt.ge/indexf5b8.html]
[constcourt.ge/indexa28b.html]
[constcourt.ge/index8e90.html]
[constcourt.ge/index51d4.html]
[constcourt.ge/index28f5.html]
[constcourt.ge/indexdf65.html]
[constcourt.ge/indexac91.html]
[constcourt.ge/index1ec5.html]
[constcourt.ge/index616e.html]
[constcourt.ge/indexb8e0.html]
[constcourt.ge/index5f4f.html]
[constcourt.ge/index01b5.html]
[constcourt.ge/index73da.html]
[constcourt.ge/index4bf1.html]
[constcourt.ge/index1a30.html]
[constcourt.ge/indexec75.html]
[constcourt.ge/index5be8.html]
[constcourt.ge/indexa436.html]
[constcourt.ge/indexc089.html]
[constcourt.ge/index535e.html]
[constcourt.ge/index7840.html]
[constcourt.ge/index7969.html]
[constcourt.ge/index8988.html]
[constcourt.ge/index9d88.html]
[constcourt.ge/index2816.html]
[constcourt.ge/index9787.html]
[constcourt.ge/index9c18.html]
[constcourt.ge/index75c0.html]
[constcourt.ge/index0b3c.html]
[constcourt.ge/index5fad.html]
[constcourt.ge/indexda90.html]
[constcourt.ge/indexdc86.html]
[constcourt.ge/index28ac.html]
[constcourt.ge/index6230.html]
[constcourt.ge/index0498.html]
[constcourt.ge/index6095.html]
[constcourt.ge/indexc34e.html]
[constcourt.ge/index7c6a.html]
[constcourt.ge/index7d26.html]
[constcourt.ge/index754c.html]
[constcourt.ge/index6e53.html]
[constcourt.ge/indexe9ab.html]
[constcourt.ge/indexd992.html]
[constcourt.ge/indexcf5f.html]
[constcourt.ge/index302e.html]
[constcourt.ge/index3a2f.html]
[constcourt.ge/indexb3d2.html]
[constcourt.ge/index5480.html]
[constcourt.ge/index1d75.html]
[constcourt.ge/index9c33.html]
[constcourt.ge/index9ebb.html]
[constcourt.ge/index12a3.html]
[constcourt.ge/index7b1d.html]
[constcourt.ge/index4aa1.html]
[constcourt.ge/index4b59.html]
[constcourt.ge/index4b62.html]
[constcourt.ge/index4588.html]
[constcourt.ge/indexa0b4.html]
[constcourt.ge/index7d49.html]
[constcourt.ge/indexc715.html]
[constcourt.ge/indexd26f.html]
[constcourt.ge/indexc95b.html]
[constcourt.ge/indexd9d1.html]
[constcourt.ge/index8e2b.html]
[constcourt.ge/index0c66.html]
[constcourt.ge/indexc878.html]
[constcourt.ge/indexa254.html]
[constcourt.ge/indexd63a.html]
[constcourt.ge/indexedb3.html]
[constcourt.ge/index25cf.html]
[constcourt.ge/index9fb2.html]
[constcourt.ge/indexf67c.html]
[constcourt.ge/index7827.html]
[constcourt.ge/index72de.html]
[constcourt.ge/indexfb23.html]
[constcourt.ge/index1ed8.html]
[constcourt.ge/index006b.html]
[constcourt.ge/index7901.html]
[constcourt.ge/index828c.html]
[constcourt.ge/indexa171.html]
[constcourt.ge/index3907.html]
[constcourt.ge/index610d.html]
[constcourt.ge/indexd5b7.html]
[constcourt.ge/indexf6cf.html]
[constcourt.ge/index58ea.html]
[constcourt.ge/index6a6e.html]
[constcourt.ge/indexdac1.html]
[constcourt.ge/index9773.html]
[constcourt.ge/indexf1c8.html]
[constcourt.ge/index7a7d.html]
[constcourt.ge/index2a57.html]
[constcourt.ge/functions/img6cd2.jpg]
[constcourt.ge/functions/img5d79.jpg]
[constcourt.ge/index1fea.html]
[constcourt.ge/index6fe6.html]
[constcourt.ge/index8600.html]
[constcourt.ge/index4cdf.html]
[constcourt.ge/indexb89e.html]
[constcourt.ge/index4827.html]
[constcourt.ge/indexc260.html]
[constcourt.ge/index96ca.html]
[constcourt.ge/indexa04a.html]
[constcourt.ge/index8b5b.html]
[constcourt.ge/indexcec4.html]
[constcourt.ge/indexf299.html]
[constcourt.ge/index6a94.html]
[constcourt.ge/indexd31e.html]
[constcourt.ge/index3ad5.html]
[constcourt.ge/index5932.html]
[constcourt.ge/indexcae3.html]
[constcourt.ge/index4b94.html]
[constcourt.ge/index2af0.html]
[constcourt.ge/index8b4e.html]
[constcourt.ge/indexd4a2.html]
[constcourt.ge/index69d2.html]
[constcourt.ge/index7d19.html]
[constcourt.ge/index9d75.html]
[constcourt.ge/index0997.html]
[constcourt.ge/index4b24.html]
[constcourt.ge/indexea82.html]
[constcourt.ge/index6da8.html]
[constcourt.ge/index964e.html]
[constcourt.ge/functions/imgf1af.jpg]
[constcourt.ge/functions/img3188.jpg]
[constcourt.ge/indexbeb6.html]
[constcourt.ge/index6406.html]
[constcourt.ge/index89f3.html]
[constcourt.ge/functions/img5da3.jpg]
[constcourt.ge/index803e.html]
[constcourt.ge/functions/img5b44.jpg]
[constcourt.ge/functions/imgb2e6.jpg]
[constcourt.ge/index39b6.html]
[constcourt.ge/functions/imgb0fe.jpg]
[constcourt.ge/functions/img9d68.jpg]
[constcourt.ge/index6c09.html]
[constcourt.ge/functions/imgbd78.jpg]
[constcourt.ge/functions/imgd765.jpg]
[constcourt.ge/functions/img938c.jpg]
[constcourt.ge/functions/img971a.jpg]
[constcourt.ge/index465d.html]
[constcourt.ge/functions/imgbb1c.jpg]
[constcourt.ge/index3901.html]
[constcourt.ge/functions/imgfe60.jpg]
[constcourt.ge/functions/imgef62.jpg]
[constcourt.ge/index8da3.html]
[constcourt.ge/indexcafa.html]
[constcourt.ge/indexc0a4.html]
[constcourt.ge/index2817.html]
[constcourt.ge/index31a7.html]
[constcourt.ge/index60a6.html]
[constcourt.ge/index24d7.html]
[constcourt.ge/index7848.html]
[constcourt.ge/index2dd2.html]
[constcourt.ge/index5f29.html]
[constcourt.ge/index1f8c.html]
[constcourt.ge/indexe2a0.html]
[constcourt.ge/index4ca2.html]
[constcourt.ge/index0175.html]
[constcourt.ge/index5ce8.html]
[constcourt.ge/index2d1d.html]
[constcourt.ge/index9f98.html]
[constcourt.ge/indexea84.html]
[constcourt.ge/index144a.html]
[constcourt.ge/indexbfbb.html]
[constcourt.ge/indexc2a1.html]
[constcourt.ge/index77c2.html]
[constcourt.ge/indexa11b.html]
[constcourt.ge/index297a.html]
[constcourt.ge/functions/img0fe1.jpg]
[constcourt.ge/album/6_1143_862451.jpg]
[constcourt.ge/album/6_1143_821518.jpg]
[constcourt.ge/album/6_1143_931660.jpg]
[constcourt.ge/index3630.html]
[constcourt.ge/index8573.html]
[constcourt.ge/album/6_1034_515359.jpg]
[constcourt.ge/album/6_1030_682942.jpg]
[constcourt.ge/album/6_1030_809654.jpg]
[constcourt.ge/index8fbb.html]
[constcourt.ge/functions/imgf0c9.jpg]
[constcourt.ge/functions/imgb8eb.jpg]
[constcourt.ge/index51f3.html]
[constcourt.ge/functions/img8d12.jpg]
[constcourt.ge/index9265.html]
[constcourt.ge/indexb809.html]
[constcourt.ge/functions/img269a.jpg]
[constcourt.ge/indexd7a2.html]
[constcourt.ge/functions/img14ac.jpg]
[constcourt.ge/indexeb19.html]
[constcourt.ge/functions/img03b6.jpg]
[constcourt.ge/indexfdff.html]
[constcourt.ge/indexa4f6.html]
[constcourt.ge/index978e.html]
[constcourt.ge/indexb369.html]
[constcourt.ge/index1e53.html]
[constcourt.ge/functions/img7134.jpg]
[constcourt.ge/index9b19.html]
[constcourt.ge/album/6_1349_856490.jpg]
[constcourt.ge/files/sarchelebi/578_24_02_2014.doc]
[constcourt.ge/index42e4.html]
[constcourt.ge/index090f.html]
[constcourt.ge/indexb65b.html]
[constcourt.ge/files/sarchelebi/587_07_04_2014.doc]
[constcourt.ge/index7539.html]
[constcourt.ge/files/sarchelebi/586_04_04_2014.doc]
[constcourt.ge/index052f.html]
[constcourt.ge/files/sarchelebi/585_03_04_2014.doc]
[constcourt.ge/album/6_1339_688205.jpg]
[constcourt.ge/indexd73c.html]
[constcourt.ge/indexd631.html]
[constcourt.ge/files/sarchelebi/584_01_04_2014.doc]
[constcourt.ge/indexf9cf.html]
[constcourt.ge/files/sarchelebi/583_01_04_2014.doc]
[constcourt.ge/index7cec.html]
[constcourt.ge/files/sarchelebi/582_31_03_2014.doc]
[constcourt.ge/indexb781.html]
[constcourt.ge/index9ca0.html]
[constcourt.ge/indexece8.html]
[constcourt.ge/index9f20.html]
[constcourt.ge/index15a1.html]
[constcourt.ge/files/sarchelebi/581_24_03_2014.doc]
[constcourt.ge/index9128.html]
[constcourt.ge/files/sarchelebi/579_07_03_2014.doc]
[constcourt.ge/index3ab5.html]
[constcourt.ge/album/6_1331_575257.jpg]
[constcourt.ge/indexc324.html]
[constcourt.ge/album/6_1331_305387.jpg]
[constcourt.ge/index3488.html]
[constcourt.ge/indexb7fe.html]
[constcourt.ge/album/6_1328_942207.jpg]
[constcourt.ge/indexb595.html]
[constcourt.ge/album/6_1297_849244.jpg]
[constcourt.ge/indexd089.html]
[constcourt.ge/index4f60.html]
[constcourt.ge/indexdd1f.html]
[constcourt.ge/album/6_1276_929443.jpg]
[constcourt.ge/index5231.html]
[constcourt.ge/index7207.html]
[constcourt.ge/files/sarchelebi/577_21_02_2014.doc]
[constcourt.ge/indexd01c.html]
[constcourt.ge/album/6_1274_638246.jpg]
[constcourt.ge/index381a.html]
[constcourt.ge/indexf1e5.html]
[constcourt.ge/index129b.html]
[constcourt.ge/index417b.html]
[constcourt.ge/indexe7d4.html]
[constcourt.ge/indexfa78.html]
[constcourt.ge/indexea30.html]
[constcourt.ge/album/6_1256_185427.jpg]
[constcourt.ge/index4956.html]
[constcourt.ge/indexefa7.html]
[constcourt.ge/files/sarchelebi/576_14_02_2014.doc]
[constcourt.ge/files/sarchelebi/575_11_02_2014.doc]
[constcourt.ge/indexef57.html]
[constcourt.ge/index2bed.html]
[constcourt.ge/files/sarchelebi/574_11_02_2014.doc]
[constcourt.ge/index3ec6.html]
[constcourt.ge/indexea00.html]
[constcourt.ge/indexa2aa.html]
[constcourt.ge/indexdb1c.html]
[constcourt.ge/index6c22.html]
[constcourt.ge/index8d73.html]
[constcourt.ge/album/6_1245_545454.jpg]
[constcourt.ge/indexea68.html]
[constcourt.ge/album/6_1244_837614.jpg]
[constcourt.ge/album/6_1243_559447.jpg]
[constcourt.ge/index7ceb.html]
[constcourt.ge/album/6_1243_247796.jpg]
[constcourt.ge/index4000.html]
[constcourt.ge/index73e7.html]
[constcourt.ge/index0dfa.html]
[constcourt.ge/album/6_1239_952577.jpg]
[constcourt.ge/album/6_1239_818535.jpg]
[constcourt.ge/index6db4.html]
[constcourt.ge/indexc852.html]
[constcourt.ge/indexc452.html]
[constcourt.ge/album/6_1239_464412.jpg]
[constcourt.ge/files/sarchelebi/571_20_01_2013.doc]
[constcourt.ge/indexe267.html]
[constcourt.ge/files/sarchelebi/572_22_01_2013.doc]
[constcourt.ge/indexe0e5.html]
[constcourt.ge/index5d04.html]
[constcourt.ge/index469b.html]
[constcourt.ge/album/6_1233_199388.jpg]
[constcourt.ge/indexd72b.html]
[constcourt.ge/index40de.html]
[constcourt.ge/album/6_1231_208504.jpg]
[constcourt.ge/indexfefc.html]
[constcourt.ge/album/6_1229_315845.jpg]
[constcourt.ge/indexb7ea.html]
[constcourt.ge/album/6_1225_891868.jpg]
[constcourt.ge/index0f12.html]
[constcourt.ge/indexccf9.html]
[constcourt.ge/album/6_1223_744271.jpg]
[constcourt.ge/indexfced.html]
[constcourt.ge/index90df.html]
[constcourt.ge/album/6_1223_966430.jpg]
[constcourt.ge/index6ebe.html]
[constcourt.ge/files/sarchelebi/568_2013.doc]
[constcourt.ge/index8935.html]
[constcourt.ge/files/sarchelebi/569_2013.doc]
[constcourt.ge/files/sarchelebi/570_2013.doc]
[constcourt.ge/index942e.html]
[constcourt.ge/index1451.html]
[constcourt.ge/album/6_1205_129299.jpg]
[constcourt.ge/album/6_1205_596147.jpg]
[constcourt.ge/index0705.html]
[constcourt.ge/album/6_1205_646715.jpg]
[constcourt.ge/album/6_1204_484568.jpg]
[constcourt.ge/index05a1.html]
[constcourt.ge/album/6_1204_231529.jpg]
[constcourt.ge/indexf966.html]
[constcourt.ge/index20fb.html]
[constcourt.ge/index7b3c.html]
[constcourt.ge/album/6_1190_502272.jpg]
[constcourt.ge/album/6_1187_671552.jpg]
[constcourt.ge/indexba75.html]
[constcourt.ge/index8b2d.html]
[constcourt.ge/album/6_1187_583232.jpg]
[constcourt.ge/indexc305.html]
[constcourt.ge/album/6_1186_299775.jpg]
[constcourt.ge/album/6_1184_194682.jpg]
[constcourt.ge/indexb545.html]
[constcourt.ge/index4192.html]
[constcourt.ge/album/6_1184_893560.jpg]
[constcourt.ge/index63ae.html]
[constcourt.ge/files/sarchelebi/564_02_10_2013.doc]
[constcourt.ge/index0506.html]
[constcourt.ge/files/sarchelebi/565_15_10_2013.doc]
[constcourt.ge/indexfe6a.html]
[constcourt.ge/files/sarchelebi/566_21_10_2013.doc]
[constcourt.ge/files/sarchelebi/567_25_10_2013.doc]
[constcourt.ge/indexe4fa.html]
[constcourt.ge/album/6_1177_647247.jpg]
[constcourt.ge/indexc6fd.html]
[constcourt.ge/indexe891.html]
[constcourt.ge/album/6_1176_681162.jpg]
[constcourt.ge/album/6_1176_563627.jpg]
[constcourt.ge/index84cf.html]
[constcourt.ge/album/6_1175_174932.jpg]
[constcourt.ge/album/6_1086_917782.jpg]
[constcourt.ge/index9b6f.html]
[constcourt.ge/index33c3.html]
[constcourt.ge/album/6_1174_342285.jpg]
[constcourt.ge/album/6_1171_751714.jpg]
[constcourt.ge/index6ca2.html]
[constcourt.ge/album/6_1170_663545.jpg]
[constcourt.ge/index7fd9.html]
[constcourt.ge/album/6_1169_677627.jpg]
[constcourt.ge/album/6_1169_222179.jpg]
[constcourt.ge/indexa42c.html]
[constcourt.ge/album/6_1168_666726.jpg]
[constcourt.ge/album/6_1168_383421.jpg]
[constcourt.ge/index44a0.html]
[constcourt.ge/index1f57.html]
[constcourt.ge/album/6_1166_940307.jpg]
[constcourt.ge/album/6_1165_326132.jpg]
[constcourt.ge/indexfbf2.html]
[constcourt.ge/index660d.html]
[constcourt.ge/index14b1.html]
[constcourt.ge/files/sarchelebi/562_07_08_2013.doc]
[constcourt.ge/index2a28.html]
[constcourt.ge/files/sarchelebi/563_17_09_2013.doc]
[constcourt.ge/album/6_1167_154312.jpg]
[constcourt.ge/album/6_1167_300567.jpg]
[constcourt.ge/indexb3ab.html]
[constcourt.ge/indexddc9.html]
[constcourt.ge/album/6_1147_543148.jpg]
[constcourt.ge/album/6_1146_189950.jpg]
[constcourt.ge/album/6_1146_745176.jpg]
[constcourt.ge/indexf75a.html]
[constcourt.ge/indexaccc.html]
[constcourt.ge/album/6_1145_427331.jpg]
[constcourt.ge/album/6_1145_710787.jpg]
[constcourt.ge/album/6_1145_801128.jpg]
[constcourt.ge/index98d3.html]
[constcourt.ge/index7898.html]
[constcourt.ge/album/6_1142_656679.jpg]
[constcourt.ge/album/6_1142_899234.jpg]
[constcourt.ge/index654d.html]
[constcourt.ge/index3fce.html]
[constcourt.ge/index9bb0.html]
[constcourt.ge/files/sarchelebi/559_01_07_2013.doc]
[constcourt.ge/indexf979.html]
[constcourt.ge/album/6_1138_249379.jpg]
[constcourt.ge/album/6_1138_392973.jpg]
[constcourt.ge/album/6_1138_670646.jpg]
[constcourt.ge/indexb565.html]
[constcourt.ge/album/6_1137_832185.jpg]
[constcourt.ge/indexf36e.html]
[constcourt.ge/album/6_1137_110314.jpg]
[constcourt.ge/files/sarchelebi/558_24_06_2013.doc]
[constcourt.ge/index9f8e.html]
[constcourt.ge/files/sarchelebi/557_19_06_2013.doc]
[constcourt.ge/index6987.html]
[constcourt.ge/index2217.html]
[constcourt.ge/files/sarchelebi/556_14_06_2013.doc]
[constcourt.ge/indexf435.html]
[constcourt.ge/album/6_1133_687471.jpg]
[constcourt.ge/album/6_1133_367788.jpg]
[constcourt.ge/index1e50.html]
[constcourt.ge/album/6_1132_147269.jpg]
[constcourt.ge/album/6_1132_918719.jpg]
[constcourt.ge/index79d0.html]
[constcourt.ge/indexa887.html]
[constcourt.ge/indexa489.html]
[constcourt.ge/album/6_1127_245579.jpg]
[constcourt.ge/album/6_1127_454271.jpg]
[constcourt.ge/index7aa3.html]
[constcourt.ge/album/6_1128_903815.jpg]
[constcourt.ge/album/6_1128_358647.jpg]
[constcourt.ge/index0a86.html]
[constcourt.ge/album/6_1126_302956.jpg]
[constcourt.ge/indexc21e.html]
[constcourt.ge/index9518.html]
[constcourt.ge/indexa505.html]
[constcourt.ge/indexb1d5.html]
[constcourt.ge/album/6_1125_262352.jpg]
[constcourt.ge/album/6_1125_699106.jpg]
[constcourt.ge/index362a.html]
[constcourt.ge/index17eb.html]
[constcourt.ge/album/6_1119_538587.jpg]
[constcourt.ge/album/6_1119_454822.jpg]
[constcourt.ge/album/6_1119_735390.jpg]
[constcourt.ge/index3949.html]
[constcourt.ge/index0876.html]
[constcourt.ge/index4ef0.html]
[constcourt.ge/indexd726.html]
[constcourt.ge/index4b3f.html]
[constcourt.ge/files/sarchelebi/555_07_05_2013.doc]
[constcourt.ge/indexea30-2.html]
[constcourt.ge/album/6_1114_142683.jpg]
[constcourt.ge/imgs/pdf-icon.jpg]
[constcourt.ge/index50d0.html]
[constcourt.ge/index5407.html]
[constcourt.ge/indexd64d.html]
[constcourt.ge/index7aa5.html]
[constcourt.ge/indexbeb5.html]
[constcourt.ge/files/summerschool_2013_ge.pdf]
[constcourt.ge/files/ccg_r.pdf]
[constcourt.ge/index22d3.html]
[constcourt.ge/album/6_1101_205349.jpg]
[constcourt.ge/album/6_1101_383889.jpg]
[constcourt.ge/index2a5a.html]
[constcourt.ge/album/6_1099_843309.jpg]
[constcourt.ge/index30f0.html]
[constcourt.ge/album/6_1099_985680.jpg]
[constcourt.ge/index64d1.html]
[constcourt.ge/album/6_1100_752417.jpg]
[constcourt.ge/indexe981.html]
[constcourt.ge/album/6_1098_615366.jpg]
[constcourt.ge/album/6_1091_575834.jpg]
[constcourt.ge/index9df0.html]
[constcourt.ge/album/6_1091_395982.jpg]
[constcourt.ge/indexe086.html]
[constcourt.ge/album/6_1087_239327.jpg]
[constcourt.ge/index463b.html]
[constcourt.ge/album/6_1086_761507.jpg]
[constcourt.ge/album/6_1085_400162.jpg]
[constcourt.ge/album/6_1085_108642.jpg]
[constcourt.ge/index818c.html]
[constcourt.ge/album/6_1085_649781.jpg]
[constcourt.ge/album/6_1081_752771.jpg]
[constcourt.ge/index0deb.html]
[constcourt.ge/index5f9f.html]
[constcourt.ge/album/6_1079_117352.jpg]
[constcourt.ge/imgs/ico_news.gif]
[constcourt.ge/index7e5e.html]
[constcourt.ge/files/icons/ie.gif]
[constcourt.ge/indexe9c7.html]
[constcourt.ge/album/6_1074_216421.jpg]
[constcourt.ge/album/6_1074_621124.jpg]
[constcourt.ge/index2152.html]
[constcourt.ge/album/6_1071_401911.jpg]
[constcourt.ge/album/6_1071_903263.jpg]
[constcourt.ge/index60b0.html]
[constcourt.ge/index7a2d.html]
[constcourt.ge/album/6_1062_423448.jpg]
[constcourt.ge/index68d6.html]
[constcourt.ge/album/6_1056_941416.jpg]
[constcourt.ge/album/6_1056_978434.jpg]
[constcourt.ge/index9d3d.html]
[constcourt.ge/album/6_1054_261414.jpg]
[constcourt.ge/indexc3d7.html]
[constcourt.ge/album/6_1053_794521.jpg]
[constcourt.ge/album/6_1053_678533.jpg]
[constcourt.ge/index1f8d.html]
[constcourt.ge/index742b.html]
[constcourt.ge/indexc17e.html]
[constcourt.ge/index5caf.html]
[constcourt.ge/album/6_1046_298724.jpg]
[constcourt.ge/index30f2.html]
[constcourt.ge/album/6_1041_799399.jpg]
[constcourt.ge/index4beb.html]
[constcourt.ge/album/6_1040_550217.jpg]
[constcourt.ge/index6963.html]
[constcourt.ge/index26b1.html]
[constcourt.ge/album/6_1039_252711.jpg]
[constcourt.ge/album/6_1037_813975.jpg]
[constcourt.ge/index28ef.html]
[constcourt.ge/indexd411.html]
[constcourt.ge/album/6_1036_927886.jpg]
[constcourt.ge/index7729.html]
[constcourt.ge/indexbfee.html]
[constcourt.ge/indexe9b2.html]
[constcourt.ge/index75a4.html]
[constcourt.ge/album/6_1033_308973.jpg]
[constcourt.ge/index203e.html]
[constcourt.ge/album/6_1029_563361.jpg]
[constcourt.ge/album/6_1026_914393.jpg]
[constcourt.ge/index2b12.html]
[constcourt.ge/index55e5.html]
[constcourt.ge/indexac23.html]
[constcourt.ge/album/6_1013_702375.jpg]
[constcourt.ge/album/6_1011_861862.jpg]
[constcourt.ge/indexf674.html]
[constcourt.ge/indexcfab.html]
[constcourt.ge/album/6_1007_671521.jpg]
[constcourt.ge/index0716.html]
[constcourt.ge/album/6_1006_523106.jpg]
[constcourt.ge/index02b5.html]
[constcourt.ge/album/6_1005_939667.jpg]
[constcourt.ge/indexa4bc.html]
[constcourt.ge/index3f43.html]
[constcourt.ge/files/Summerschool_2012_GE.pdf]
[constcourt.ge/index6197.html]
[constcourt.ge/index50a5.html]
[constcourt.ge/index9253.html]
[constcourt.ge/album/6_996_928329.jpg]
[constcourt.ge/album/6_994_248562.jpg]
[constcourt.ge/indexb33e.html]
[constcourt.ge/index521d.html]
[constcourt.ge/index7762.html]
[constcourt.ge/album/6_986_445998.jpg]
[constcourt.ge/index53cd.html]
[constcourt.ge/album/6_987_640926.jpg]
[constcourt.ge/indexb252.html]
[constcourt.ge/album/6_985_221388.jpg]
[constcourt.ge/index322a.html]
[constcourt.ge/album/6_985_681370.jpg]
[constcourt.ge/files/tematika_2012.rar]
[constcourt.ge/index0b19.html]
[constcourt.ge/album/6_982_178383.jpg]
[constcourt.ge/album/6_982_517843.jpg]
[constcourt.ge/indexbe6e.html]
[constcourt.ge/index21aa.html]
[constcourt.ge/album/6_978_804891.jpg]
[constcourt.ge/indexcedc.html]
[constcourt.ge/album/6_974_643243.jpg]
[constcourt.ge/indexb176.html]
[constcourt.ge/album/6_974_739564.jpg]
[constcourt.ge/album/6_975_150309.jpg]
[constcourt.ge/album/6_975_224402.jpg]
[constcourt.ge/indexd4e3.html]
[constcourt.ge/album/6_975_374337.jpg]
[constcourt.ge/album/6_971_413801.jpg]
[constcourt.ge/album/6_971_914222.jpg]
[constcourt.ge/indexa9bb.html]
[constcourt.ge/index9829.html]
[constcourt.ge/album/6_968_626210.jpg]
[constcourt.ge/indexfef7.html]
[constcourt.ge/indexbde2.html]
[constcourt.ge/album/6_967_270530.jpg]
[constcourt.ge/functions/imgf940.jpg]
[constcourt.ge/functions/img2b52.jpg]
[constcourt.ge/index33ff.html]
[constcourt.ge/indexddda.html]
[constcourt.ge/functions/img30b7.jpg]
[constcourt.ge/functions/img2daa.jpg]
[constcourt.ge/index2357.html]
[constcourt.ge/functions/imgcaf2.jpg]
[constcourt.ge/index095d.html]
[constcourt.ge/functions/img2585.jpg]
[constcourt.ge/index6a34.html]
[constcourt.ge/index8cfe.html]
[constcourt.ge/index2508.html]
[constcourt.ge/functions/imgcc91.jpg]
[constcourt.ge/functions/img4ea3.jpg]
[constcourt.ge/indexfe61.html]
[constcourt.ge/index8f60-2.html]
[constcourt.ge/functions/img47ea.jpg]
[constcourt.ge/functions/img0147.jpg]
[constcourt.ge/functions/imgcfd8.jpg]
[constcourt.ge/index72ee.html]
[constcourt.ge/imgs/dw.gif]
[constcourt.ge/index7c03.html]
[constcourt.ge/files/Sommerschule.doc]
[constcourt.ge/index8142.html]
[constcourt.ge/files/summer_school_ge.doc]
[constcourt.ge/functions/img3f25.jpg]
[constcourt.ge/functions/img0afc.jpg]
[constcourt.ge/index7786.html]
[constcourt.ge/functions/img3c82.jpg]
[constcourt.ge/functions/img69b4.jpg]
[constcourt.ge/indexd20e-2.html]
[constcourt.ge/functions/img2b36.jpg]
[constcourt.ge/index1a33.html]
[constcourt.ge/indexa5b5.html]
[constcourt.ge/functions/img61ab.jpg]
[constcourt.ge/indexc701.html]
[constcourt.ge/functions/imge7ea.jpg]
[constcourt.ge/indexfe70.html]
[constcourt.ge/index3623.html]
[constcourt.ge/functions/imgb61c.jpg]
[constcourt.ge/functions/imgf7ef.jpg]
[constcourt.ge/index5386.html]
[constcourt.ge/functions/img46d0.jpg]
[constcourt.ge/index137f.html]
[constcourt.ge/functions/imgc65b.jpg]
[constcourt.ge/functions/img96d1.jpg]
[constcourt.ge/indexf5aa.html]
[constcourt.ge/files/tematika.rar]
[constcourt.ge/index24ab.html]
[constcourt.ge/indexa96b.html]
[constcourt.ge/index63c8.html]
[constcourt.ge/functions/img1140.jpg]
[constcourt.ge/functions/img3cfd.jpg]
[constcourt.ge/index564f.html]
[constcourt.ge/functions/imga35b.jpg]
[constcourt.ge/indexd737.html]
[constcourt.ge/functions/img147b.jpg]
[constcourt.ge/functions/img23c3.jpg]
[constcourt.ge/index1e24.html]
[constcourt.ge/functions/imgd6e8.jpg]
[constcourt.ge/functions/img5fb1.jpg]
[constcourt.ge/indexc81c.html]
[constcourt.ge/functions/img0af3.jpg]
[constcourt.ge/indexd73b.html]
[constcourt.ge/functions/img8da0.jpg]
[constcourt.ge/index7752.html]
[constcourt.ge/index798f.html]
[constcourt.ge/functions/img80db.jpg]
[constcourt.ge/index9257.html]
[constcourt.ge/functions/img0e03.jpg]
[constcourt.ge/index25bd.html]
[constcourt.ge/functions/img9600.jpg]
[constcourt.ge/functions/img7638.jpg]
[constcourt.ge/functions/img8576.jpg]
[constcourt.ge/indexb47a.html]
[constcourt.ge/functions/img5fe4.jpg]
[constcourt.ge/index5f8f.html]
[constcourt.ge/index1797.html]
[constcourt.ge/index52e0.html]
[constcourt.ge/functions/img5afb.jpg]
[constcourt.ge/index49e3.html]
[constcourt.ge/functions/img866a.jpg]
[constcourt.ge/indexd973.html]
[constcourt.ge/index9d05.html]
[constcourt.ge/functions/img9ef7.jpg]
[constcourt.ge/functions/img4a3e.jpg]
[constcourt.ge/index2922.html]
[constcourt.ge/indexbb91.html]
[constcourt.ge/indexd17d.html]
[constcourt.ge/index8c87.html]
[constcourt.ge/functions/imga7c2.jpg]
[constcourt.ge/indexf971.html]
[constcourt.ge/indexb8b8.html]
[constcourt.ge/indexa98d.html]
[constcourt.ge/functions/imgc62e.jpg]
[constcourt.ge/indexad30.html]
[constcourt.ge/index6853.html]
[constcourt.ge/functions/img6ace.jpg]
[constcourt.ge/indexaf14.html]
[constcourt.ge/index0bed.html]
[constcourt.ge/index6762.html]
[constcourt.ge/index9d7a.html]
[constcourt.ge/index4a13.html]
[constcourt.ge/functions/imge2fd.jpg]
[constcourt.ge/indexe354.html]
[constcourt.ge/functions/img1efb.jpg]
[constcourt.ge/functions/img1a06.jpg]
[constcourt.ge/functions/imgb031.jpg]
[constcourt.ge/index6ea9.html]
[constcourt.ge/functions/img8ec4.jpg]
[constcourt.ge/functions/imgf7e2.jpg]
[constcourt.ge/functions/img93aa.jpg]
[constcourt.ge/index5572.html]
[constcourt.ge/functions/imgaebf.jpg]
[constcourt.ge/functions/imgc020.jpg]
[constcourt.ge/functions/img94a4.jpg]
[constcourt.ge/index8510.html]
[constcourt.ge/functions/img2fa4.jpg]
[constcourt.ge/indexd479.html]
[constcourt.ge/index9f9e.html]
[constcourt.ge/indexce5e.html]
[constcourt.ge/functions/imged78.jpg]
[constcourt.ge/indexb370.html]
[constcourt.ge/functions/img85a0.jpg]
[constcourt.ge/functions/img8dd2.jpg]
[constcourt.ge/functions/imgfd47.jpg]
[constcourt.ge/indexa846.html]
[constcourt.ge/functions/img8dba.jpg]
[constcourt.ge/index406a.html]
[constcourt.ge/functions/img9d6f.jpg]
[constcourt.ge/functions/imgdfd0.jpg]
[constcourt.ge/functions/imgd25e.jpg]
[constcourt.ge/indexf48c.html]
[constcourt.ge/functions/img69b6.jpg]
[constcourt.ge/functions/img10f9.jpg]
[constcourt.ge/functions/img4ed6.jpg]
[constcourt.ge/functions/img4600.jpg]
[constcourt.ge/index9071.html]
[constcourt.ge/functions/img153b.jpg]
[constcourt.ge/index5185.html]
[constcourt.ge/index6d09.html]
[constcourt.ge/functions/imgce4f.jpg]
[constcourt.ge/indexcb5e.html]
[constcourt.ge/index615e.html]
[constcourt.ge/index46b0.html]
[constcourt.ge/indexf123.html]
[constcourt.ge/functions/img102b.jpg]
[constcourt.ge/index7fa2.html]
[constcourt.ge/indexf5ca.html]
[constcourt.ge/index1dfe.html]
[constcourt.ge/indexdca1.html]
[constcourt.ge/index8929.html]
[constcourt.ge/index3db9.html]
[constcourt.ge/functions/img4ce1.jpg]
[constcourt.ge/functions/img3c4c.jpg]
[constcourt.ge/functions/img0f13.jpg]
[constcourt.ge/index71e6.html]
[constcourt.ge/functions/imgd170.jpg]
[constcourt.ge/indexdb2f.html]
[constcourt.ge/indexcf08.html]
[constcourt.ge/indexda25.html]
[constcourt.ge/index5733.html]
[constcourt.ge/indexc9de.html]
[constcourt.ge/indexad9c.html]
[constcourt.ge/index0169.html]
[constcourt.ge/index9ca5.html]
[constcourt.ge/index8d59.html]
[constcourt.ge/index79d4.html]
[constcourt.ge/index1589.html]
[constcourt.ge/index243e.html]
[constcourt.ge/index66bf.html]
[constcourt.ge/functions/img7b5d.jpg]
[constcourt.ge/functions/img5920.jpg]
[constcourt.ge/index8848.html]
[constcourt.ge/index448f.html]
[constcourt.ge/index54b3.html]
[constcourt.ge/index3703.html]
[constcourt.ge/indexb227.html]
[constcourt.ge/indexb3df.html]
[constcourt.ge/indexc61c.html]
[constcourt.ge/indexe3bf.html]
[constcourt.ge/indexe855.html]
[constcourt.ge/indexb4b6.html]
[constcourt.ge/index5bd5.html]
[constcourt.ge/index000e.html]
[constcourt.ge/index0c20.html]
[constcourt.ge/indexb5e1.html]
[constcourt.ge/index56c3.html]
[constcourt.ge/indexc560.html]
[constcourt.ge/indexb592.html]
[constcourt.ge/indexb8cc.html]
[constcourt.ge/index7515.html]
[constcourt.ge/index2024.html]
[constcourt.ge/index7e0d.html]
[constcourt.ge/index16a8.html]
[constcourt.ge/index618e.html]
[constcourt.ge/indexa905.html]
[constcourt.ge/indexeb67.html]
[constcourt.ge/index3223.html]
[constcourt.ge/indexf4c0.html]
[constcourt.ge/indexed21.html]
[constcourt.ge/index8e90-2.html]
[constcourt.ge/indexc519.html]
[constcourt.ge/index9a12.html]
[constcourt.ge/index57f2.html]
[constcourt.ge/index9864.html]
[constcourt.ge/index6006.html]
[constcourt.ge/indexe3cc.html]
[constcourt.ge/index89d8.html]
[constcourt.ge/index65e1.html]
[constcourt.ge/indexc59c.html]
[constcourt.ge/index39b3.html]
[constcourt.ge/index6d56.html]
[constcourt.ge/indexc251.html]
[constcourt.ge/index32f6.html]
[constcourt.ge/index51b8.html]
[constcourt.ge/indexc043.html]
[constcourt.ge/indexa126.html]
[constcourt.ge/indexb293.html]
[constcourt.ge/index46e9.html]
[constcourt.ge/index1607.html]
[constcourt.ge/index7b45.html]
[constcourt.ge/index1fde.html]
[constcourt.ge/index1e17.html]
[constcourt.ge/index9e78.html]
[constcourt.ge/index76d9.html]
[constcourt.ge/indexbd00.html]
[constcourt.ge/functions/img9a08.jpg]
[constcourt.ge/functions/imgd1af.jpg]
[constcourt.ge/functions/img9d28.jpg]
[constcourt.ge/functions/img0231.jpg]
[constcourt.ge/functions/img623d.jpg]
[constcourt.ge/functions/imgab1a.jpg]
[constcourt.ge/indexe21c.html]
[constcourt.ge/functions/imgd4ba.jpg]
[constcourt.ge/functions/img0abe.jpg]
[constcourt.ge/functions/img36cf.jpg]
[constcourt.ge/index1072.html]
[constcourt.ge/functions/img53ba.jpg]
[constcourt.ge/functions/img7d06.jpg]
[constcourt.ge/functions/img3d92.jpg]
[constcourt.ge/functions/img9b7b.jpg]
[constcourt.ge/functions/imgfc62.jpg]
[constcourt.ge/functions/img5d57.jpg]
[constcourt.ge/functions/img8455.jpg]
[constcourt.ge/index4f5b.html]
[constcourt.ge/functions/img8538.jpg]
[constcourt.ge/functions/imge32b.jpg]
[constcourt.ge/functions/imgefee.jpg]
[constcourt.ge/functions/img1c53.jpg]
[constcourt.ge/functions/imgc939.jpg]
[constcourt.ge/functions/img56fc.jpg]
[constcourt.ge/functions/imga89b.jpg]
[constcourt.ge/functions/imgfc7d.jpg]
[constcourt.ge/functions/imgd5ec.jpg]
[constcourt.ge/functions/imgf788.jpg]
[constcourt.ge/functions/img8879.jpg]
[constcourt.ge/functions/img56da.jpg]
[constcourt.ge/index1033.html]
[constcourt.ge/functions/imgc840.jpg]
[constcourt.ge/functions/imgc742.jpg]
[constcourt.ge/functions/img521d.jpg]
[constcourt.ge/functions/img31da.jpg]
[constcourt.ge/functions/img2f20.jpg]
[constcourt.ge/functions/imge1ae.jpg]
[constcourt.ge/functions/img9926.jpg]
[constcourt.ge/index8166.html]
[constcourt.ge/functions/imgd4e5.jpg]
[constcourt.ge/functions/imgfa07.jpg]
[constcourt.ge/functions/imgee64.jpg]
[constcourt.ge/functions/img18f4.jpg]
[constcourt.ge/functions/img3563.jpg]
[constcourt.ge/functions/imgcca3.jpg]
[constcourt.ge/functions/imgfbc3.jpg]
[constcourt.ge/functions/imgdedd.jpg]
[constcourt.ge/functions/img5746.jpg]
[constcourt.ge/functions/imgff05.jpg]
[constcourt.ge/functions/img5ffb.jpg]
[constcourt.ge/indexe826.html]
[constcourt.ge/functions/imge8cb.jpg]
[constcourt.ge/functions/imgc4ea.jpg]
[constcourt.ge/functions/img7405.jpg]
[constcourt.ge/functions/img90a2.jpg]
[constcourt.ge/functions/img2fa6.jpg]
[constcourt.ge/index5df1.html]
[constcourt.ge/functions/img064e.jpg]
[constcourt.ge/functions/imgad92.jpg]
[constcourt.ge/functions/img9f05.jpg]
[constcourt.ge/functions/img33bf.jpg]
[constcourt.ge/functions/imgfe0e.jpg]
[constcourt.ge/index4961.html]
[constcourt.ge/functions/imga3a9.jpg]
[constcourt.ge/functions/imgbe09.jpg]
[constcourt.ge/functions/img2833.jpg]
[constcourt.ge/functions/img8dd7.jpg]
[constcourt.ge/functions/img3e63.jpg]
[constcourt.ge/functions/imgc35f.jpg]
[constcourt.ge/index915f.html]
[constcourt.ge/functions/imgc1ab.jpg]
[constcourt.ge/functions/imgef9e.jpg]
[constcourt.ge/functions/img7a21.jpg]
[constcourt.ge/functions/img1e47.jpg]
[constcourt.ge/functions/img8332.jpg]
[constcourt.ge/functions/img6d90.jpg]
[constcourt.ge/functions/img4f2c.jpg]
[constcourt.ge/functions/img2228.jpg]
[constcourt.ge/index3db3.html]
[constcourt.ge/functions/img055e.jpg]
[constcourt.ge/functions/img0cf3.jpg]
[constcourt.ge/functions/img9027.jpg]
[constcourt.ge/functions/img686b.jpg]
[constcourt.ge/functions/img048b.jpg]
[constcourt.ge/functions/img2b60.jpg]
[constcourt.ge/functions/img8fdc.jpg]
[constcourt.ge/functions/img8594.jpg]
[constcourt.ge/functions/img2fb0.jpg]
[constcourt.ge/functions/img3589.jpg]
[constcourt.ge/functions/img6dc6.jpg]
[constcourt.ge/index2a21.html]
[constcourt.ge/functions/imgd18a.jpg]
[constcourt.ge/functions/img093e.jpg]
[constcourt.ge/functions/img1e10.jpg]
[constcourt.ge/functions/imgec4e.jpg]
[constcourt.ge/functions/imgfefd.jpg]
[constcourt.ge/index5364.html]
[constcourt.ge/functions/img7ae7.jpg]
[constcourt.ge/functions/imgeb10.jpg]
[constcourt.ge/functions/img9fbc.jpg]
[constcourt.ge/functions/imge819.jpg]
[constcourt.ge/functions/imge0c0.jpg]
[constcourt.ge/functions/imgcae7.jpg]
[constcourt.ge/functions/img7cf0.jpg]
[constcourt.ge/functions/img1447.jpg]
[constcourt.ge/functions/img2f19.jpg]
[constcourt.ge/functions/img585c.jpg]
[constcourt.ge/functions/img295c.jpg]
[constcourt.ge/functions/img6d09.jpg]
[constcourt.ge/functions/imgd7da.jpg]
[constcourt.ge/functions/img3859.jpg]
[constcourt.ge/functions/img0c67.jpg]
[constcourt.ge/indexb5cb.html]
[constcourt.ge/functions/img5b4c.jpg]
[constcourt.ge/functions/img16df.jpg]
[constcourt.ge/functions/img93ed.jpg]
[constcourt.ge/functions/img8b03.jpg]
[constcourt.ge/functions/imgb01b.jpg]
[constcourt.ge/functions/img8816.jpg]
[constcourt.ge/functions/imgf29a.jpg]
[constcourt.ge/indexc58a.html]
[constcourt.ge/functions/img449f.jpg]
[constcourt.ge/functions/img8b97.jpg]
[constcourt.ge/functions/imgf829.jpg]
[constcourt.ge/functions/imgd9aa.jpg]
[constcourt.ge/functions/imga7fb.jpg]
[constcourt.ge/functions/imgcde5.jpg]
[constcourt.ge/functions/img7065.jpg]
[constcourt.ge/index7681.html]
[constcourt.ge/functions/img883e.jpg]
[constcourt.ge/functions/imgc058.jpg]
[constcourt.ge/functions/img9752.jpg]
[constcourt.ge/functions/img3031.jpg]
[constcourt.ge/functions/img1f6f.jpg]
[constcourt.ge/functions/img59e5.jpg]
[constcourt.ge/functions/img1a32.jpg]
[constcourt.ge/functions/img797d.jpg]
[constcourt.ge/functions/img11cd.jpg]
[constcourt.ge/functions/imge20e.jpg]
[constcourt.ge/functions/imgcc47.jpg]
[constcourt.ge/functions/imgcfd7.jpg]
[constcourt.ge/functions/img4ea3-2.jpg]
[constcourt.ge/functions/img29f5.jpg]
[constcourt.ge/functions/img1fe6.jpg]
[constcourt.ge/functions/img6302.jpg]
[constcourt.ge/functions/img52ff.jpg]
[constcourt.ge/functions/img8f91.jpg]
[constcourt.ge/functions/imgf1ad.jpg]
[constcourt.ge/functions/img95f7.jpg]
[constcourt.ge/functions/img0b32.jpg]
[constcourt.ge/functions/imga700.jpg]
[constcourt.ge/functions/img3ce0.jpg]
[constcourt.ge/functions/img2619.jpg]
[constcourt.ge/functions/img021f.jpg]
[constcourt.ge/functions/imgb617.jpg]
[constcourt.ge/functions/img60f8.jpg]
[constcourt.ge/functions/img5b5f.jpg]
[constcourt.ge/functions/img6051.jpg]
[constcourt.ge/functions/img62e1.jpg]
[constcourt.ge/functions/img8f37.jpg]
[constcourt.ge/functions/imgfb8b.jpg]
[constcourt.ge/functions/img2903.jpg]
[constcourt.ge/functions/img6ebf.jpg]
[constcourt.ge/functions/img2826.jpg]
[constcourt.ge/functions/img67c4.jpg]
[constcourt.ge/functions/img8d62.jpg]
[constcourt.ge/functions/img34be.jpg]
[constcourt.ge/functions/img2168.jpg]
[constcourt.ge/functions/img605a.jpg]
[constcourt.ge/functions/imgf9e1.jpg]
[constcourt.ge/functions/img5990.jpg]
[constcourt.ge/index926c.html]
[constcourt.ge/functions/img3aaf.jpg]
[constcourt.ge/functions/img0b3e.jpg]
[constcourt.ge/functions/img4aca.jpg]
[constcourt.ge/functions/imgf88a.jpg]
[constcourt.ge/functions/img1c6e.jpg]
[constcourt.ge/functions/img44d9.jpg]
[constcourt.ge/functions/imga679.jpg]
[constcourt.ge/functions/img034a.jpg]
[constcourt.ge/functions/img3249.jpg]
[constcourt.ge/functions/imgff9b.jpg]
[constcourt.ge/functions/img2884.jpg]
[constcourt.ge/functions/img14ea.jpg]
[constcourt.ge/functions/imga6f0.jpg]
[constcourt.ge/functions/img3ac3.jpg]
[constcourt.ge/functions/img9e94.jpg]
[constcourt.ge/functions/imgf7ac.jpg]
[constcourt.ge/indexc9a0.html]
[constcourt.ge/functions/img29f7.jpg]
[constcourt.ge/functions/img5e21.jpg]
[constcourt.ge/functions/img71fd.jpg]
[constcourt.ge/functions/img514a.jpg]
[constcourt.ge/functions/imgd5b1.jpg]
[constcourt.ge/functions/img6d3f.jpg]
[constcourt.ge/functions/img4b2b.jpg]
[constcourt.ge/functions/img9d95.jpg]
[constcourt.ge/functions/imgecc3.jpg]
[constcourt.ge/functions/img09b1.jpg]
[constcourt.ge/functions/img963b.jpg]
[constcourt.ge/functions/img248c.jpg]
[constcourt.ge/functions/img8b8f.jpg]
[constcourt.ge/functions/imgdcd3.jpg]
[constcourt.ge/functions/imgdea2.jpg]
[constcourt.ge/functions/img5b0a.jpg]
[constcourt.ge/functions/imgf963.jpg]
[constcourt.ge/functions/img2947.jpg]
[constcourt.ge/functions/imgb134.jpg]
[constcourt.ge/functions/imgbb97.jpg]
[constcourt.ge/functions/imgf1e8.jpg]
[constcourt.ge/functions/imga890.jpg]
[constcourt.ge/index2820.html]
[constcourt.ge/functions/img166c.jpg]
[constcourt.ge/functions/img152f.jpg]
[constcourt.ge/functions/img0ea6.jpg]
[constcourt.ge/functions/imgb111.jpg]
[constcourt.ge/functions/img44c8.jpg]
[constcourt.ge/functions/img348e.jpg]
[constcourt.ge/functions/imga2d8.jpg]
[constcourt.ge/functions/imgd794.jpg]
[constcourt.ge/functions/imgd687.jpg]
[constcourt.ge/functions/imge633.jpg]
[constcourt.ge/functions/img98ae.jpg]
[constcourt.ge/functions/imgfcf4.jpg]
[constcourt.ge/functions/img96fb.jpg]
[constcourt.ge/functions/img0917.jpg]
[constcourt.ge/functions/img711f.jpg]
[constcourt.ge/functions/img47c3.jpg]
[constcourt.ge/functions/imgc14f.jpg]
[constcourt.ge/functions/imgef71.jpg]
[constcourt.ge/functions/img435d.jpg]
[constcourt.ge/functions/imgeb7e.jpg]
[constcourt.ge/functions/img4764.jpg]
[constcourt.ge/functions/img2075.jpg]
[constcourt.ge/functions/imgbff0.jpg]
[constcourt.ge/functions/imgebfa.jpg]
[constcourt.ge/index9197.html]
[constcourt.ge/functions/img00ef.jpg]
[constcourt.ge/functions/img1d43.jpg]
[constcourt.ge/functions/imgf5b3.jpg]
[constcourt.ge/functions/img6bc4.jpg]
[constcourt.ge/functions/imgeb24.jpg]
[constcourt.ge/functions/img28eb.jpg]
[constcourt.ge/functions/imgcb62.jpg]
[constcourt.ge/functions/img6820.jpg]
[constcourt.ge/functions/img4b3a.jpg]
[constcourt.ge/functions/img0c54.jpg]
[constcourt.ge/functions/imgbe28.jpg]
[constcourt.ge/functions/imgb28f.jpg]
[constcourt.ge/functions/img31b6.jpg]
[constcourt.ge/functions/imgc94e.jpg]
[constcourt.ge/functions/img57ea.jpg]
[constcourt.ge/functions/imge5e3.jpg]
[constcourt.ge/functions/img7282.jpg]
[constcourt.ge/indexb8ba.html]
[constcourt.ge/functions/img7c39.jpg]
[constcourt.ge/functions/imgd878.jpg]
[constcourt.ge/functions/imgd733.jpg]
[constcourt.ge/functions/img569d.jpg]
[constcourt.ge/functions/imgf334.jpg]
[constcourt.ge/functions/imgc6d8.jpg]
[constcourt.ge/index6206.html]
[constcourt.ge/functions/imgb1b5.jpg]
[constcourt.ge/functions/imgcca9.jpg]
[constcourt.ge/functions/imgfa1b.jpg]
[constcourt.ge/functions/imgbe35.jpg]
[constcourt.ge/indexea99.html]
[constcourt.ge/functions/img40a4.jpg]
[constcourt.ge/functions/imgc277.jpg]
[constcourt.ge/functions/img938a.jpg]
[constcourt.ge/functions/img5f9a.jpg]
[constcourt.ge/functions/img2d22.jpg]
[constcourt.ge/functions/img6e97.jpg]
[constcourt.ge/functions/img441d.jpg]
[constcourt.ge/functions/img6f39.jpg]
[constcourt.ge/functions/imgf9c9.jpg]
[constcourt.ge/functions/imgc847.jpg]
[constcourt.ge/functions/img9418.jpg]
[constcourt.ge/functions/imgb506.jpg]
[constcourt.ge/functions/imgbacf.jpg]
[constcourt.ge/functions/img45ae.jpg]
[constcourt.ge/functions/img5375.jpg]
[constcourt.ge/functions/img0d53.jpg]
[constcourt.ge/functions/imgef21.jpg]
[constcourt.ge/functions/img140b.jpg]
[constcourt.ge/functions/img4a8f.jpg]
[constcourt.ge/functions/imgdc81.jpg]
[constcourt.ge/functions/imgda29.jpg]
[constcourt.ge/functions/img1a0d.jpg]
[constcourt.ge/functions/imgc5fb.jpg]
[constcourt.ge/index6787.html]
[constcourt.ge/functions/img0eca.jpg]
[constcourt.ge/functions/imgf046.jpg]
[constcourt.ge/functions/img375f.jpg]
[constcourt.ge/functions/img84f2.jpg]
[constcourt.ge/functions/img21f3.jpg]
[constcourt.ge/functions/imgaa6a.jpg]
[constcourt.ge/functions/img2193.jpg]
[constcourt.ge/functions/img4eff.jpg]
[constcourt.ge/functions/imgcdc5.jpg]
[constcourt.ge/functions/img5f92.jpg]
[constcourt.ge/functions/img1108.jpg]
[constcourt.ge/functions/imgce86.jpg]
[constcourt.ge/functions/imgdfc1.jpg]
[constcourt.ge/functions/img46b9.jpg]
[constcourt.ge/index590b.html]
[constcourt.ge/functions/img08af.jpg]
[constcourt.ge/functions/img57eb.jpg]
[constcourt.ge/functions/img8c20.jpg]
[constcourt.ge/functions/imgc8e7.jpg]
[constcourt.ge/functions/img0c09.jpg]
[constcourt.ge/functions/img8292.jpg]
[constcourt.ge/index627e.html]
[constcourt.ge/functions/img3d80.jpg]
[constcourt.ge/functions/img535e.jpg]
[constcourt.ge/functions/img7382.jpg]
[constcourt.ge/functions/img8252.jpg]
[constcourt.ge/functions/imgead9.jpg]
[constcourt.ge/functions/img4897.jpg]
[constcourt.ge/functions/img9a55.jpg]
[constcourt.ge/functions/img5c5c.jpg]
[constcourt.ge/index895f.html]
[constcourt.ge/functions/img251f.jpg]
[constcourt.ge/functions/img9f3c.jpg]
[constcourt.ge/functions/img77e7.jpg]
[constcourt.ge/functions/img9d00.jpg]
[constcourt.ge/functions/imgc7fa.jpg]
[constcourt.ge/functions/imge5b2.jpg]
[constcourt.ge/functions/imgd452.jpg]
[constcourt.ge/functions/img3c32.jpg]
[constcourt.ge/index7d45.html]
[constcourt.ge/functions/img0845.jpg]
[constcourt.ge/functions/imgd382.jpg]
[constcourt.ge/functions/imgde34.jpg]
[constcourt.ge/functions/imgd588.jpg]
[constcourt.ge/functions/img8468.jpg]
[constcourt.ge/functions/img6cfc.jpg]
[constcourt.ge/functions/img1844.jpg]
[constcourt.ge/functions/img1876.jpg]
[constcourt.ge/functions/img3fcc.jpg]
[constcourt.ge/functions/img8bcb.jpg]
[constcourt.ge/functions/img3e56.jpg]
[constcourt.ge/functions/img5a0d.jpg]
[constcourt.ge/functions/imgfd05.jpg]
[constcourt.ge/functions/imgbbd9.jpg]
[constcourt.ge/functions/img2d46.jpg]
[constcourt.ge/functions/img83d4.jpg]
[constcourt.ge/functions/img4ec8.jpg]
[constcourt.ge/functions/img1502.jpg]
[constcourt.ge/functions/imgef9a.jpg]
[constcourt.ge/functions/img37ae.jpg]
[constcourt.ge/functions/imgbbfe.jpg]
[constcourt.ge/functions/img9203.jpg]
[constcourt.ge/functions/img755c.jpg]
[constcourt.ge/functions/imgceac.jpg]
[constcourt.ge/functions/img57bf.jpg]
[constcourt.ge/functions/img1620.jpg]
[constcourt.ge/functions/imgc191.jpg]
[constcourt.ge/functions/img0276.jpg]
[constcourt.ge/functions/img2d88.jpg]
[constcourt.ge/functions/img7db1.jpg]
[constcourt.ge/index64b0.html]
[constcourt.ge/functions/img64e4.jpg]
[constcourt.ge/functions/img351d.jpg]
[constcourt.ge/functions/img8483.jpg]
[constcourt.ge/functions/img016f.jpg]
[constcourt.ge/functions/imgd64b.jpg]
[constcourt.ge/functions/img347f.jpg]
[constcourt.ge/functions/img49f6.jpg]
[constcourt.ge/functions/img34c2.jpg]
[constcourt.ge/functions/imgbf16.jpg]
[constcourt.ge/functions/img5138.jpg]
[constcourt.ge/functions/imga5d2.jpg]
[constcourt.ge/functions/img7113.jpg]
[constcourt.ge/functions/img7e7d.jpg]
[constcourt.ge/functions/img4562.jpg]
[constcourt.ge/functions/img7043.jpg]
[constcourt.ge/index6ad0.html]
[constcourt.ge/functions/imgfae1.jpg]
[constcourt.ge/functions/imgd866.jpg]
[constcourt.ge/functions/img444e.jpg]
[constcourt.ge/functions/imge7bc.jpg]
[constcourt.ge/functions/imga040.jpg]
[constcourt.ge/functions/img714a.jpg]
[constcourt.ge/functions/img6baf.jpg]
[constcourt.ge/functions/img3bd3.jpg]
[constcourt.ge/functions/img20d8.jpg]
[constcourt.ge/functions/img6a70.jpg]
[constcourt.ge/functions/imgb4f1.jpg]
[constcourt.ge/functions/img1187.jpg]
[constcourt.ge/functions/img1339.jpg]
[constcourt.ge/indexfaed.html]
[constcourt.ge/index00c1.html]
[constcourt.ge/functions/imgb016.jpg]
[constcourt.ge/video/ccg/video_GEO.flv]
[constcourt.ge/corp/forum/images-neon/wr-logo.gif]
[constcourt.ge/corp/forum/images-neon/icon_mini_search.gif]
[constcourt.ge/corp/forum/images-neon/icon_mini_register.gif]
[constcourt.ge/corp/forum/images-neon/buttons_spacer.gif]
[constcourt.ge/corp/forum/images-neon/folder.gif]
[constcourt.ge/corp/forum/images-neon/whosonline.gif]
[constcourt.ge/corp/forum/index.html]
[constcourt.ge/cnobari.html]
[constcourt.ge/files/book_2006-2007.pdf]
[constcourt.ge/files/sarchelebi/580_21_03_2014.doc]
[constcourt.ge/album/6_1246_620395.jpg]
[constcourt.ge/album/6_1246_174152.jpg]
[constcourt.ge/files/sarchelebi/573_01_14.doc]
[constcourt.ge/album/6_1224_264803.jpg]
[constcourt.ge/index8285.html]
[constcourt.ge/index6505.html]
[constcourt.ge/indexdb1e.html]
[constcourt.ge/index06d7.html]
[constcourt.ge/index4b8f.html]
[constcourt.ge/index5f28.html]
[constcourt.ge/indexfef9.html]
[constcourt.ge/index7700.html]
[constcourt.ge/index8882.html]
[constcourt.ge/indexb0ae.html]
[constcourt.ge/index82c7.html]
[constcourt.ge/indexc725.html]
[constcourt.ge/functions/imgcdf8.jpg]
[constcourt.ge/album/6_1224_867500.jpg]
[constcourt.ge/functions/imgaf13.jpg]
[constcourt.ge/indexd759.html]
[constcourt.ge/functions/img1c85.jpg]
[constcourt.ge/index82ac.html]
[constcourt.ge/functions/img5beb.jpg]
[constcourt.ge/indexb77b.html]
[constcourt.ge/functions/img8572.jpg]
[constcourt.ge/index5db6.html]
[constcourt.ge/functions/img3b9b.jpg]
[constcourt.ge/index2af0-2.html]
[constcourt.ge/indexcf00.html]
[constcourt.ge/functions/img193b.jpg]
[constcourt.ge/functions/img007a.jpg]
[constcourt.ge/index8f4e.html]
[constcourt.ge/index9802.html]
[constcourt.ge/functions/img58de.jpg]
[constcourt.ge/functions/imgae2e.jpg]
[constcourt.ge/indexdd3b.html]
[constcourt.ge/functions/img5a83.jpg]
[constcourt.ge/index10a1.html]
[constcourt.ge/functions/imgc499.jpg]
[constcourt.ge/indexfa81.html]
[constcourt.ge/functions/img2bec.jpg]
[constcourt.ge/index870c.html]
[constcourt.ge/functions/imgb4cb.jpg]
[constcourt.ge/index13aa.html]
[constcourt.ge/functions/imge1c2.jpg]
[constcourt.ge/index6ce2.html]
[constcourt.ge/functions/imga3cb.jpg]
[constcourt.ge/indexcf62.html]
[constcourt.ge/functions/img83f1.jpg]
[constcourt.ge/index7608.html]
[constcourt.ge/functions/img200d.jpg]
[constcourt.ge/index4cfd.html]
[constcourt.ge/functions/img9df0.jpg]
[constcourt.ge/indexeb1f.html]
[constcourt.ge/indexb87b.html]
[constcourt.ge/functions/img247e.jpg]
[constcourt.ge/index4f5b-2.html]
[constcourt.ge/functions/img02e0.jpg]
[constcourt.ge/index1206.html]
[constcourt.ge/functions/img66cd.jpg]
[constcourt.ge/functions/img2a66.jpg]
[constcourt.ge/indexea8d.html]
[constcourt.ge/functions/img9f78.jpg]
[constcourt.ge/indexfde3.html]
[constcourt.ge/functions/imgec65.jpg]
[constcourt.ge/indexa5ca.html]
[constcourt.ge/index97dd.html]
[constcourt.ge/functions/img3497.jpg]
[constcourt.ge/functions/imgb792.jpg]
[constcourt.ge/index3c6b.html]
[constcourt.ge/indexc4e4.html]
[constcourt.ge/functions/img9b93.jpg]
[constcourt.ge/indexecdf.html]
[constcourt.ge/functions/imga5bd.jpg]
[constcourt.ge/index83f4.html]
[constcourt.ge/functions/img7a42.jpg]
[constcourt.ge/functions/img8a65.jpg]
[constcourt.ge/indexdfb5.html]
[constcourt.ge/functions/img7c71.jpg]
[constcourt.ge/index7cf6.html]
[constcourt.ge/functions/img500c.jpg]
[constcourt.ge/index3af6.html]
[constcourt.ge/functions/img3cd2.jpg]
[constcourt.ge/indexabe5.html]
[constcourt.ge/functions/imgf954.jpg]
[constcourt.ge/indexecc1.html]
[constcourt.ge/functions/img5673.jpg]
[constcourt.ge/indexcf6d.html]
[constcourt.ge/functions/imgea9e.jpg]
[constcourt.ge/indexd058.html]
[constcourt.ge/functions/img2525.jpg]
[constcourt.ge/indexf029.html]
[constcourt.ge/index0d59.html]
[constcourt.ge/functions/img5677.jpg]
[constcourt.ge/functions/img8125.jpg]
[constcourt.ge/indexd1a7.html]
[constcourt.ge/functions/img75ea.jpg]
[constcourt.ge/index5991.html]
[constcourt.ge/functions/img5bf6.jpg]
[constcourt.ge/indexad5d.html]
[constcourt.ge/functions/img3931.jpg]
[constcourt.ge/indexe256.html]
[constcourt.ge/functions/img510b.jpg]
[constcourt.ge/index1504.html]
[constcourt.ge/functions/img9982.jpg]
[constcourt.ge/indexc14e.html]
[constcourt.ge/functions/img28b9.jpg]
[constcourt.ge/indexcd59.html]
[constcourt.ge/functions/img5a87.jpg]
[constcourt.ge/index5ef0.html]
[constcourt.ge/functions/img74a1.jpg]
[constcourt.ge/index6410.html]
[constcourt.ge/functions/img5419.jpg]
[constcourt.ge/indexfb86.html]
[constcourt.ge/functions/img7bfd.jpg]
[constcourt.ge/index04bc.html]
[constcourt.ge/functions/img8172.jpg]
[constcourt.ge/indexa6ce.html]
[constcourt.ge/indexe750.html]
[constcourt.ge/functions/imgcbd9.jpg]
[constcourt.ge/indexdab3.html]
[constcourt.ge/functions/imgcc03.jpg]
[constcourt.ge/functions/img6554.jpg]
[constcourt.ge/indexdf4d.html]
[constcourt.ge/functions/img261b.jpg]
[constcourt.ge/index9977.html]
[constcourt.ge/functions/imgc850.jpg]
[constcourt.ge/indexa474.html]
[constcourt.ge/index7cde.html]
[constcourt.ge/functions/img4897-2.jpg]
[constcourt.ge/functions/img5fec.jpg]
[constcourt.ge/indexfcf6.html]
[constcourt.ge/functions/img04e9.jpg]
[constcourt.ge/indexd452.html]
[constcourt.ge/indexf261.html]
[constcourt.ge/functions/img3ff3.jpg]
[constcourt.ge/functions/imgde1a.jpg]
[constcourt.ge/index6645.html]
[constcourt.ge/index40be.html]
[constcourt.ge/functions/img0cc6.jpg]
[constcourt.ge/indexb6d3.html]
[constcourt.ge/functions/imge630.jpg]
[constcourt.ge/index1cf5.html]
[constcourt.ge/functions/imgc21f.jpg]
[constcourt.ge/functions/img564d.jpg]
[constcourt.ge/indexb34e.html]
[constcourt.ge/functions/img1492.jpg]
[constcourt.ge/indexd69e.html]
[constcourt.ge/index3247.html]
[constcourt.ge/functions/img3549.jpg]
[constcourt.ge/functions/img88f4.jpg]
[constcourt.ge/indexba15.html]
[constcourt.ge/functions/imgb828.jpg]
[constcourt.ge/index60c3.html]
[constcourt.ge/indexbccc.html]
[constcourt.ge/functions/imgd7cd.jpg]
[constcourt.ge/indexb2ae.html]
[constcourt.ge/functions/imged02.jpg]
[constcourt.ge/index89ad.html]
[constcourt.ge/functions/img24fe.jpg]
[constcourt.ge/index7dff.html]
[constcourt.ge/functions/imgb5d8.jpg]
[constcourt.ge/functions/imgdad0.jpg]
[constcourt.ge/indexe160.html]
[constcourt.ge/indexecd2.html]
[constcourt.ge/functions/img40ed.jpg]
[constcourt.ge/index7a56.html]
[constcourt.ge/functions/img01ca.jpg]
[constcourt.ge/index66f7.html]
[constcourt.ge/functions/img6ada.jpg]
[constcourt.ge/functions/imgd770.jpg]
[constcourt.ge/indexe4fd.html]
[constcourt.ge/functions/img8cc7.jpg]
[constcourt.ge/index9814.html]
[constcourt.ge/index3c0a.html]
[constcourt.ge/functions/img5a07.jpg]
[constcourt.ge/index61e8.html]
[constcourt.ge/functions/img660a.jpg]
[constcourt.ge/functions/img3d1e.jpg]
[constcourt.ge/indexf457.html]
[constcourt.ge/indexe6ba.html]
[constcourt.ge/functions/imgcff2.jpg]
[constcourt.ge/functions/imgb61a.jpg]
[constcourt.ge/index6c08.html]
[constcourt.ge/functions/img34af.jpg]
[constcourt.ge/index6fcc.html]
[constcourt.ge/functions/imge141.jpg]
[constcourt.ge/index70f7.html]
[constcourt.ge/indexf71f.html]
[constcourt.ge/functions/imgd8ea.jpg]
[constcourt.ge/index1dfc.html]
[constcourt.ge/functions/img596c.jpg]
[constcourt.ge/functions/imgbe07.jpg]
[constcourt.ge/indexd0ce.html]
[constcourt.ge/functions/img3bd0.jpg]
[constcourt.ge/index2adb.html]
[constcourt.ge/index503d.html]
[constcourt.ge/functions/img8e69.jpg]
[constcourt.ge/functions/img1cd6.jpg]
[constcourt.ge/index4272.html]
[constcourt.ge/index67a5.html]
[constcourt.ge/functions/imgb4f7.jpg]
[constcourt.ge/functions/img61c7.jpg]
[constcourt.ge/index4ac8.html]
[constcourt.ge/functions/img7f27.jpg]
[constcourt.ge/indexcc79.html]
[constcourt.ge/index1a49.html]
[constcourt.ge/functions/img1f06.jpg]
[constcourt.ge/indexd132.html]
[constcourt.ge/functions/imgc217.jpg]
[constcourt.ge/indexcf78.html]
[constcourt.ge/functions/img6b08.jpg]
[constcourt.ge/indexf0ce.html]
[constcourt.ge/functions/img9b92.jpg]
[constcourt.ge/index5257.html]
[constcourt.ge/functions/img2adc.jpg]
[constcourt.ge/indexd94a.html]
[constcourt.ge/functions/img96ac.jpg]
[constcourt.ge/functions/img0913.jpg]
[constcourt.ge/indexc1dc.html]
[constcourt.ge/index8fef.html]
[constcourt.ge/functions/imge49b.jpg]
[constcourt.ge/index6375.html]
[constcourt.ge/functions/img9a2a.jpg]
[constcourt.ge/functions/imgf765.jpg]
[constcourt.ge/indexeb9d.html]
[constcourt.ge/functions/imgbbf5.jpg]
[constcourt.ge/indexd3db.html]
[constcourt.ge/functions/imgc25e.jpg]
[constcourt.ge/index11d4.html]
[constcourt.ge/functions/imgd211.jpg]
[constcourt.ge/index887c.html]
[constcourt.ge/index0911.html]
[constcourt.ge/functions/imgd5cd.jpg]
[constcourt.ge/functions/img00fa.jpg]
[constcourt.ge/indexfa5d.html]
[constcourt.ge/functions/img88e3.jpg]
[constcourt.ge/index2a7c.html]
[constcourt.ge/functions/img67e5.jpg]
[constcourt.ge/index12d8.html]
[constcourt.ge/index8ae1.html]
[constcourt.ge/functions/img3be0.jpg]
[constcourt.ge/functions/img2b82.jpg]
[constcourt.ge/index128e.html]
[constcourt.ge/functions/imga15c.jpg]
[constcourt.ge/indexa088.html]
[constcourt.ge/functions/img62f3.jpg]
[constcourt.ge/index0091.html]
[constcourt.ge/indexb029.html]
[constcourt.ge/functions/img932f.jpg]
[constcourt.ge/functions/imgaa4d.jpg]
[constcourt.ge/index2c81.html]
[constcourt.ge/index93f1.html]
[constcourt.ge/functions/img3ae7.jpg]
[constcourt.ge/functions/imgdd78.jpg]
[constcourt.ge/index3c90.html]
[constcourt.ge/index03db.html]
[constcourt.ge/functions/imgc176.jpg]
[constcourt.ge/functions/img5de0.jpg]
[constcourt.ge/index51db.html]
[constcourt.ge/index341c.html]
[constcourt.ge/functions/img4499.jpg]
[constcourt.ge/index1184.html]
[constcourt.ge/functions/imgcf41.jpg]
[constcourt.ge/index1973.html]
[constcourt.ge/functions/imgf7e3.jpg]
[constcourt.ge/functions/img4344.jpg]
[constcourt.ge/indexa8a6.html]
[constcourt.ge/functions/img70d1.jpg]
[constcourt.ge/index98bb.html]
[constcourt.ge/functions/img990b.jpg]
[constcourt.ge/indexeae7.html]
[constcourt.ge/indexe33b.html]
[constcourt.ge/functions/imgc494.jpg]
[constcourt.ge/index7418.html]
[constcourt.ge/functions/imgbfb7.jpg]
[constcourt.ge/functions/img6b87.jpg]
[constcourt.ge/indexe3a5.html]
[constcourt.ge/functions/img27bc.jpg]
[constcourt.ge/indexe8ff.html]
[constcourt.ge/functions/imgf0e0.jpg]
[constcourt.ge/index7f67.html]
[constcourt.ge/index7b4f.html]
[constcourt.ge/functions/img744c.jpg]
[constcourt.ge/functions/img215a.jpg]
[constcourt.ge/index2093.html]
[constcourt.ge/functions/imgcd05.jpg]
[constcourt.ge/index17b4.html]
[constcourt.ge/functions/img1db8.jpg]
[constcourt.ge/index3549.html]
[constcourt.ge/index7fc5.html]
[constcourt.ge/functions/img2147.jpg]
[constcourt.ge/functions/imgaa96.jpg]
[constcourt.ge/indexcd5b.html]
[constcourt.ge/functions/imga91e.jpg]
[constcourt.ge/index5e14.html]
[constcourt.ge/functions/img6f7b.jpg]
[constcourt.ge/index33d3.html]
[constcourt.ge/index5664.html]
[constcourt.ge/functions/imgd9ba.jpg]
[constcourt.ge/functions/img8a20.jpg]
[constcourt.ge/index97e3.html]
[constcourt.ge/index7e13.html]
[constcourt.ge/functions/img2865.jpg]
[constcourt.ge/functions/imgbf2b.jpg]
[constcourt.ge/index38e1.html]
[constcourt.ge/index2279.html]
[constcourt.ge/functions/imge58d.jpg]
[constcourt.ge/functions/img6537.jpg]
[constcourt.ge/indexd1ed.html]
[constcourt.ge/functions/imgf443.jpg]
[constcourt.ge/indexd4a3.html]
[constcourt.ge/functions/img1fc3.jpg]
[constcourt.ge/indexa59f.html]
[constcourt.ge/index4470.html]
[constcourt.ge/functions/img27ec.jpg]
[constcourt.ge/functions/img0629.jpg]
[constcourt.ge/index7c8f.html]
[constcourt.ge/functions/imgf1f7.jpg]
[constcourt.ge/indexc4d5.html]
[constcourt.ge/functions/img6329.jpg]
[constcourt.ge/indexa2bd.html]
[constcourt.ge/indexfd34.html]
[constcourt.ge/functions/imgcd58.jpg]
[constcourt.ge/index49ea.html]
[constcourt.ge/functions/img17b6.jpg]
[constcourt.ge/functions/imgf77b.jpg]
[constcourt.ge/index97f6.html]
[constcourt.ge/indexb444.html]
[constcourt.ge/functions/imgfc1b.jpg]
[constcourt.ge/functions/img5ae2.jpg]
[constcourt.ge/index97f0.html]
[constcourt.ge/functions/img7d0e.jpg]
[constcourt.ge/indexd61e.html]
[constcourt.ge/functions/img90ac.jpg]
[constcourt.ge/indexde6d.html]
[constcourt.ge/functions/imgdeb1.jpg]
[constcourt.ge/index2bf1.html]
[constcourt.ge/index1323.html]
[constcourt.ge/functions/img910c.jpg]
[constcourt.ge/index7fbd.html]
[constcourt.ge/functions/img95a8.jpg]
[constcourt.ge/functions/img1e66.jpg]
[constcourt.ge/indexaac2.html]
[constcourt.ge/functions/imgf3dc.jpg]
[constcourt.ge/index6363.html]
[constcourt.ge/index7d56.html]
[constcourt.ge/functions/img118d.jpg]
[constcourt.ge/functions/imgb55b.jpg]
[constcourt.ge/indexd591.html]
[constcourt.ge/functions/imga862.jpg]
[constcourt.ge/indexcc50.html]
[constcourt.ge/functions/imgda17.jpg]
[constcourt.ge/indexdafe.html]
[constcourt.ge/indexd8a5.html]
[constcourt.ge/functions/imge180.jpg]
[constcourt.ge/functions/imgae48.jpg]
[constcourt.ge/index9206.html]
[constcourt.ge/functions/img2014.jpg]
[constcourt.ge/index073b.html]
[constcourt.ge/index7736.html]
[constcourt.ge/functions/img1c07.jpg]
[constcourt.ge/functions/img328f.jpg]
[constcourt.ge/indexb483.html]
[constcourt.ge/functions/img3424.jpg]
[constcourt.ge/index95a2.html]
[constcourt.ge/functions/img65ff.jpg]
[constcourt.ge/index584e.html]
[constcourt.ge/indexd4fc.html]
[constcourt.ge/functions/img23f3.jpg]
[constcourt.ge/index3110.html]
[constcourt.ge/functions/img3c1e.jpg]
[constcourt.ge/functions/img4782.jpg]
[constcourt.ge/indexa302.html]
[constcourt.ge/indexc592.html]
[constcourt.ge/functions/img30f1.jpg]
[constcourt.ge/indexfec2.html]
[constcourt.ge/functions/img2a4e.jpg]
[constcourt.ge/indexc402-2.html]
[constcourt.ge/functions/imgfdd1.jpg]
[constcourt.ge/functions/img5d06.jpg]
[constcourt.ge/index2d3b.html]
[constcourt.ge/indexe1b4.html]
[constcourt.ge/functions/img107e.jpg]
[constcourt.ge/index4273.html]
[constcourt.ge/functions/imga69b.jpg]
[constcourt.ge/index7fda.html]
[constcourt.ge/functions/img26fc.jpg]
[constcourt.ge/functions/imgc547.jpg]
[constcourt.ge/indexdcee.html]
[constcourt.ge/functions/img50d6.jpg]
[constcourt.ge/indexc471.html]
[constcourt.ge/indexeec2.html]
[constcourt.ge/functions/img8d9d.jpg]
[constcourt.ge/index7c16.html]
[constcourt.ge/functions/imgf4be.jpg]
[constcourt.ge/functions/img11ab.jpg]
[constcourt.ge/indexeb65.html]
[constcourt.ge/functions/img5225.jpg]
[constcourt.ge/indexb623.html]
[constcourt.ge/functions/imgd233.jpg]
[constcourt.ge/index1c4a.html]
[constcourt.ge/indexa3ed.html]
[constcourt.ge/functions/imgf2e3.jpg]
[constcourt.ge/functions/img1e10-2.jpg]
[constcourt.ge/index7de4.html]
[constcourt.ge/functions/img5ffb-2.jpg]
[constcourt.ge/index9aad.html]
[constcourt.ge/functions/imgb327.jpg]
[constcourt.ge/index1f3c.html]
[constcourt.ge/functions/img928f.jpg]
[constcourt.ge/indexf1bf.html]
[constcourt.ge/functions/imgbb82.jpg]
[constcourt.ge/indexfbf9.html]
[constcourt.ge/indexee01.html]
[constcourt.ge/functions/imgf139.jpg]
[constcourt.ge/functions/img8c33.jpg]
[constcourt.ge/indexac42.html]
[constcourt.ge/functions/img6cc3.jpg]
[constcourt.ge/indexcaa1.html]
[constcourt.ge/index12c8.html]
[constcourt.ge/functions/img8b98.jpg]
[constcourt.ge/functions/imgd983.jpg]
[constcourt.ge/indexadfa.html]
[constcourt.ge/functions/img008c.jpg]
[constcourt.ge/index406c.html]
[constcourt.ge/functions/img9824.jpg]
[constcourt.ge/index4634.html]
[constcourt.ge/functions/img1d74.jpg]
[constcourt.ge/index18eb.html]
[constcourt.ge/index0c95.html]
[constcourt.ge/functions/imgfd15.jpg]
[constcourt.ge/indexe36e.html]
[constcourt.ge/functions/img6cb4.jpg]
[constcourt.ge/functions/img014a.jpg]
[constcourt.ge/indexce43.html]
[constcourt.ge/functions/img2083.jpg]
[constcourt.ge/indexa0b7.html]
[constcourt.ge/indexf154.html]
[constcourt.ge/functions/imgd021.jpg]
[constcourt.ge/functions/img179b.jpg]
[constcourt.ge/index40a1.html]
[constcourt.ge/functions/imgc396.jpg]
[constcourt.ge/index2119.html]
[constcourt.ge/functions/img3585.jpg]
[constcourt.ge/index10c5.html]
[constcourt.ge/index8b4d.html]
[constcourt.ge/functions/imge813.jpg]
[constcourt.ge/functions/img04a7.jpg]
[constcourt.ge/indexcd5c.html]
[constcourt.ge/indexffaa.html]
[constcourt.ge/functions/imgd548.jpg]
[constcourt.ge/index66a4.html]
[constcourt.ge/functions/img2833-2.jpg]
[constcourt.ge/index4150.html]
[constcourt.ge/functions/imgd96d.jpg]
[constcourt.ge/functions/imge3e1.jpg]
[constcourt.ge/indexd743.html]
[constcourt.ge/functions/img141e.jpg]
[constcourt.ge/indexc528.html]
[constcourt.ge/functions/imgf2f7.jpg]
[constcourt.ge/indexbb1d.html]
[constcourt.ge/index6407.html]
[constcourt.ge/functions/imgb139.jpg]
[constcourt.ge/functions/img844c.jpg]
[constcourt.ge/index0a3f.html]
[constcourt.ge/functions/imgd43e.jpg]
[constcourt.ge/index8853.html]
[constcourt.ge/functions/imgf5a4.jpg]
[constcourt.ge/index472a.html]
[constcourt.ge/functions/img154f.jpg]
[constcourt.ge/index2c70.html]
[constcourt.ge/index6009.html]
[constcourt.ge/functions/img6c4d.jpg]
[constcourt.ge/index7e11.html]
[constcourt.ge/functions/img4754.jpg]
[constcourt.ge/functions/img401e.jpg]
[constcourt.ge/index19e5.html]
[constcourt.ge/functions/img68a5.jpg]
[constcourt.ge/index0b75.html]
[constcourt.ge/functions/img5185.jpg]
[constcourt.ge/index6bbb.html]
[constcourt.ge/functions/img0c2b.jpg]
[constcourt.ge/index3dd6.html]
[constcourt.ge/index045f.html]
[constcourt.ge/functions/img58bf.jpg]
[constcourt.ge/functions/img0976.jpg]
[constcourt.ge/indexe45a.html]
[constcourt.ge/index6204.html]
[constcourt.ge/index9f66.html]
[constcourt.ge/functions/img0c6a.jpg]
[constcourt.ge/indexa505-2.html]
[constcourt.ge/functions/img9265.jpg]
[constcourt.ge/functions/img1425.jpg]
[constcourt.ge/index4565.html]
[constcourt.ge/functions/imgd106.jpg]
[constcourt.ge/indexc942.html]
[constcourt.ge/indexa25c.html]
[constcourt.ge/functions/img4399.jpg]
[constcourt.ge/functions/img6572.jpg]
[constcourt.ge/indexaa72.html]
[constcourt.ge/indexa3ee.html]
[constcourt.ge/functions/img1f25.jpg]
[constcourt.ge/functions/imgc5eb.jpg]
[constcourt.ge/index1e06.html]
[constcourt.ge/index491c.html]
[constcourt.ge/functions/imge884.jpg]
[constcourt.ge/functions/img9545.jpg]
[constcourt.ge/index72dc.html]
[constcourt.ge/functions/img284c.jpg]
[constcourt.ge/indexf18d.html]
[constcourt.ge/index29b7.html]
[constcourt.ge/functions/img700f.jpg]
[constcourt.ge/indexf349.html]
[constcourt.ge/functions/imgdc01.jpg]
[constcourt.ge/index2cc1.html]
[constcourt.ge/functions/img406a.jpg]
[constcourt.ge/functions/imgc3f9.jpg]
[constcourt.ge/index7d97.html]
[constcourt.ge/functions/img467e.jpg]
[constcourt.ge/indexc25e.html]
[constcourt.ge/index3034.html]
[constcourt.ge/functions/img5b3c.jpg]
[constcourt.ge/functions/img5d95.jpg]
[constcourt.ge/index53ad.html]
[constcourt.ge/index1edf.html]
[constcourt.ge/functions/imgf6b8.jpg]
[constcourt.ge/index6a35.html]
[constcourt.ge/functions/img415d.jpg]
[constcourt.ge/index8feb.html]
[constcourt.ge/functions/img3429.jpg]
[constcourt.ge/functions/img8354.jpg]
[constcourt.ge/index9c13.html]
[constcourt.ge/index69e9.html]
[constcourt.ge/functions/imgd71e.jpg]
[constcourt.ge/index5599.html]
[constcourt.ge/functions/imgbef2.jpg]
[constcourt.ge/functions/imgd48f.jpg]
[constcourt.ge/indexa279.html]
[constcourt.ge/functions/img95ae.jpg]
[constcourt.ge/indexde01.html]
[constcourt.ge/functions/img6510.jpg]
[constcourt.ge/index5b91.html]
[constcourt.ge/functions/img6892.jpg]
[constcourt.ge/indexfbe6.html]
[constcourt.ge/index700b.html]
[constcourt.ge/functions/img2a5a.jpg]
[constcourt.ge/functions/img1e9c.jpg]
[constcourt.ge/index48dd.html]
[constcourt.ge/indexdd55.html]
[constcourt.ge/functions/imgc77d.jpg]
[constcourt.ge/functions/imgd516.jpg]
[constcourt.ge/index2d60.html]
[constcourt.ge/indexe6c8.html]
[constcourt.ge/functions/img6eca.jpg]
[constcourt.ge/functions/imgcc1f.jpg]
[constcourt.ge/index1bcc.html]
[constcourt.ge/index061e.html]
[constcourt.ge/functions/imgc3fd.jpg]
[constcourt.ge/functions/img3659.jpg]
[constcourt.ge/indexab34.html]
[constcourt.ge/functions/imgeb26.jpg]
[constcourt.ge/index0a8b.html]
[constcourt.ge/functions/img271e.jpg]
[constcourt.ge/indexe205.html]
[constcourt.ge/functions/imgeb58.jpg]
[constcourt.ge/index0fcd.html]
[constcourt.ge/index3177.html]
[constcourt.ge/functions/imgefae.jpg]
[constcourt.ge/index8604.html]
[constcourt.ge/functions/img2b31.jpg]
[constcourt.ge/functions/imge674.jpg]
[constcourt.ge/indexb61c.html]
[constcourt.ge/functions/imgd46c.jpg]
[constcourt.ge/index3a34.html]
[constcourt.ge/index7378.html]
[constcourt.ge/functions/img0d18.jpg]
[constcourt.ge/indexc82c.html]
[constcourt.ge/functions/imgc774.jpg]
[constcourt.ge/index2606.html]
[constcourt.ge/functions/img4660.jpg]
[constcourt.ge/functions/img4b2d.jpg]
[constcourt.ge/indexc366.html]
[constcourt.ge/indexc341.html]
[constcourt.ge/functions/img7c0b.jpg]
[constcourt.ge/functions/imgf391.jpg]
[constcourt.ge/index74e9.html]
[constcourt.ge/index5f87.html]
[constcourt.ge/functions/imgd6c4.jpg]
[constcourt.ge/functions/imgb38a.jpg]
[constcourt.ge/index5ced.html]
[constcourt.ge/indexcfeb.html]
[constcourt.ge/functions/img444a.jpg]
[constcourt.ge/functions/img87eb.jpg]
[constcourt.ge/index353b.html]
[constcourt.ge/functions/imgfc22.jpg]
[constcourt.ge/indexaa32.html]
[constcourt.ge/functions/img3680.jpg]
[constcourt.ge/indexe196.html]
[constcourt.ge/index696d.html]
[constcourt.ge/functions/img00ab.jpg]
[constcourt.ge/index2f9b.html]
[constcourt.ge/functions/imgfe6b.jpg]
[constcourt.ge/functions/imgb6b9.jpg]
[constcourt.ge/index8909.html]
[constcourt.ge/functions/img15fa.jpg]
[constcourt.ge/index3342.html]
[constcourt.ge/index81bd.html]
[constcourt.ge/functions/img95f5.jpg]
[constcourt.ge/index54f6.html]
[constcourt.ge/functions/img01e0.jpg]
[constcourt.ge/functions/imge209.jpg]
[constcourt.ge/index32b0.html]
[constcourt.ge/functions/img0911.jpg]
[constcourt.ge/indexaac4.html]
[constcourt.ge/functions/img8fc9.jpg]
[constcourt.ge/index69af.html]
[constcourt.ge/functions/imgad8c.jpg]
[constcourt.ge/indexdfb5-2.html]
[constcourt.ge/functions/imgcf9e.jpg]
[constcourt.ge/indexeb80.html]
[constcourt.ge/functions/img3d8c.jpg]
[constcourt.ge/index1b36.html]
[constcourt.ge/indexf234.html]
[constcourt.ge/functions/img1cbc.jpg]
[constcourt.ge/index5e6b.html]
[constcourt.ge/functions/imgf1a7.jpg]
[constcourt.ge/index5059.html]
[constcourt.ge/functions/img1a6d.jpg]
[constcourt.ge/functions/imgc687.jpg]
[constcourt.ge/index9f6b.html]
[constcourt.ge/index31da.html]
[constcourt.ge/functions/imgff40.jpg]
[constcourt.ge/functions/img41e1.jpg]
[constcourt.ge/index4745.html]
[constcourt.ge/functions/imgf8a5.jpg]
[constcourt.ge/indexbafe.html]
[constcourt.ge/index951d.html]
[constcourt.ge/functions/img7bfd-2.jpg]
[constcourt.ge/index3b66.html]
[constcourt.ge/functions/imgd8b8.jpg]
[constcourt.ge/functions/img96fb-2.jpg]
[constcourt.ge/indexecf1.html]
[constcourt.ge/functions/img3c36.jpg]
[constcourt.ge/index2dbf.html]
[constcourt.ge/functions/imgfab7.jpg]
[constcourt.ge/indexb95b.html]
[constcourt.ge/indexcea3.html]
[constcourt.ge/index7981.html]
[constcourt.ge/index6cb4.html]
[constcourt.ge/indexd8e7.html]
[constcourt.ge/indexd433.html]
[constcourt.ge/indexed36.html]
[constcourt.ge/functions/img472f.jpg]
[constcourt.ge/indexfb04.html]
[constcourt.ge/functions/img6a8d.jpg]
[constcourt.ge/index70b9.html]
[constcourt.ge/functions/img0764.jpg]
[constcourt.ge/functions/imgafe1.jpg]
[constcourt.ge/index99f5.html]
[constcourt.ge/functions/imga917.jpg]
[constcourt.ge/index359c.html]
[constcourt.ge/indexd56c.html]
[constcourt.ge/functions/img151e.jpg]
[constcourt.ge/index0a33.html]
[constcourt.ge/functions/img4f81.jpg]
[constcourt.ge/indexa062.html]
[constcourt.ge/functions/imgcc7b.jpg]
[constcourt.ge/index70de.html]
[constcourt.ge/functions/img7fa0.jpg]
[constcourt.ge/index4033.html]
[constcourt.ge/functions/img3b7d.jpg]
[constcourt.ge/functions/imgf890.jpg]
[constcourt.ge/indexa582.html]
[constcourt.ge/functions/img99f1.jpg]
[constcourt.ge/index0888.html]
[constcourt.ge/index0f25.html]
[constcourt.ge/functions/img2dc5.jpg]
[constcourt.ge/functions/img534a.jpg]
[constcourt.ge/index4094.html]
[constcourt.ge/functions/img1035.jpg]
[constcourt.ge/indexb81e.html]
[constcourt.ge/functions/img3a39.jpg]
[constcourt.ge/index2d4b.html]
[constcourt.ge/index750a.html]
[constcourt.ge/functions/img123f.jpg]
[constcourt.ge/functions/img7686.jpg]
[constcourt.ge/index8eec.html]
[constcourt.ge/functions/img3165.jpg]
[constcourt.ge/indexbc94.html]
[constcourt.ge/indexa5a9.html]
[constcourt.ge/functions/imgc0db.jpg]
[constcourt.ge/functions/img8c82.jpg]
[constcourt.ge/index4016.html]
[constcourt.ge/functions/imgbfdb.jpg]
[constcourt.ge/index0ae0.html]
[constcourt.ge/functions/img74ed.jpg]
[constcourt.ge/indexe283.html]
[constcourt.ge/functions/img5fab.jpg]
[constcourt.ge/indexff03.html]
[constcourt.ge/index87c2.html]
[constcourt.ge/functions/img5cd4.jpg]
[constcourt.ge/index328e.html]
[constcourt.ge/functions/imge0c7.jpg]
[constcourt.ge/functions/img0286.jpg]
[constcourt.ge/index6ab5.html]
[constcourt.ge/functions/img3504.jpg]
[constcourt.ge/index1a94.html]
[constcourt.ge/indexd3c7.html]
[constcourt.ge/functions/img68ab.jpg]
[constcourt.ge/index883f.html]
[constcourt.ge/functions/img14bc.jpg]
[constcourt.ge/functions/img5b10.jpg]
[constcourt.ge/index717b.html]
[constcourt.ge/functions/img7f86.jpg]
[constcourt.ge/index2fb2.html]
[constcourt.ge/index7922.html]
[constcourt.ge/functions/imgd387.jpg]
[constcourt.ge/index547d.html]
[constcourt.ge/functions/img0c47.jpg]
[constcourt.ge/functions/img1ecc.jpg]
[constcourt.ge/index6469.html]
[constcourt.ge/functions/imgf4c6.jpg]
[constcourt.ge/indexcf9a.html]
[constcourt.ge/functions/imgf562.jpg]
[constcourt.ge/indexf169.html]
[constcourt.ge/index219b.html]
[constcourt.ge/functions/img0aa9.jpg]
[constcourt.ge/functions/img12db.jpg]
[constcourt.ge/indexa594.html]
[constcourt.ge/functions/img23c4.jpg]
[constcourt.ge/index9986.html]
[constcourt.ge/functions/imgbed5.jpg]
[constcourt.ge/index00e6.html]
[constcourt.ge/functions/img946d.jpg]
[constcourt.ge/index4f8d.html]
[constcourt.ge/corp/forum/images-neon/cellpic2.jpg]
[constcourt.ge/corp/forum/images-neon/cellpic1.gif]
[constcourt.ge/corp/forum/images-neon/cellpic5.jpg]
[constcourt.ge/corp/forum/images-neon/cellpic3.jpg]
[constcourt.ge/corp/forum/images-neon/style.css]
[constcourt.ge/corp/forum/index-2.html]
[constcourt.ge/corp/forum/toolsa83a.html]
[constcourt.ge/corp/forum/tools27bd.html]
[constcourt.ge/corp/forum/indexe9c9.html]
[constcourt.ge/corp/forum/indexe18f.html]
[constcourt.ge/corp/forum/index1fcc.html]
[constcourt.ge/corp/forum/images-neon/newthread.gif]
[constcourt.ge/corp/forum/images-neon/ico_pm.gif]
[constcourt.ge/corp/forum/images-neon/spacer.gif]
[constcourt.ge/corp/forum/smile/smile.gif]
[constcourt.ge/corp/forum/smile/biggrin.gif]
[constcourt.ge/corp/forum/smile/razz.gif]
[constcourt.ge/corp/forum/smile/cool.gif]
[constcourt.ge/corp/forum/smile/mad.gif]
[constcourt.ge/corp/forum/smile/redface.gif]
[constcourt.ge/corp/forum/smile/wink.gif]
[constcourt.ge/corp/forum/smile/rolleyes.gif]
[constcourt.ge/corp/forum/smile/sad.gif]
[constcourt.ge/corp/forum/smile/confused.gif]
[constcourt.ge/corp/forum/smile/eek.gif]
[constcourt.ge/corp/forum/smile/cry.gif]
[constcourt.ge/corp/forum/indexdad0.gif]
[constcourt.ge/corp/forum/indexe525.gif]
[constcourt.ge/corp/forum/index184e.html]
[constcourt.ge/corp/forum/index0a0a.gif]
[constcourt.ge/corp/forum/indexe15e.html]
[constcourt.ge/corp/forum/avatars/noavatar.gif]
[constcourt.ge/corp/forum/index5a0e.gif]
[constcourt.ge/corp/forum/indexc86e.html]
[constcourt.ge/corp/forum/indexee2c.gif]
[constcourt.ge/corp/forum/tools6141.html]
[constcourt.ge/corp/forum/toolsd914.html]
[constcourt.ge/corp/forum/index0eb7.html]
[constcourt.ge/corp/forum/tools21f0.html]
[constcourt.ge/corp/forum/tools9415.html]
[constcourt.ge/corp/forum/toolsd81c.html]
[constcourt.ge/corp/forum/index78e5.gif]
[constcourt.ge/corp/forum/index4a0e.html]
[constcourt.ge/corp/forum/index414a.gif]
[constcourt.ge/corp/forum/avatars/kook.jpg]
[constcourt.ge/corp/forum/index8204.html]
[constcourt.ge/corp/forum/toolsdbcc.html]
[constcourt.ge/corp/forum/index5e51.html]
[constcourt.ge/corp/forum/index2f26.gif]
[constcourt.ge/corp/forum/indexe6fd.html]
[constcourt.ge/corp/forum/indexe173.html]
[constcourt.ge/corp/forum/indexa046.html]
[constcourt.ge/corp/forum/indexa108.gif]
[constcourt.ge/corp/forum/index6925.html]
[constcourt.ge/corp/forum/indexa3ec.html]
[constcourt.ge/corp/forum/index2d50.html]
[constcourt.ge/corp/forum/index9a84.gif]
[constcourt.ge/files/sarchelebi/580_21_03_2014.doc]
[constcourt.ge/album/6_1246_620395.jpg]
[constcourt.ge/album/6_1246_174152.jpg]
[constcourt.ge/files/sarchelebi/573_01_14.doc]
[constcourt.ge/album/6_1224_264803.jpg]
[constcourt.ge/album/6_1224_867500.jpg]
[constcourt.ge/functions/img269b.php]
[constcourt.ge/functions/img3c36.jpg]
[constcourt.ge/functions/imgfab7.jpg]
[constcourt.ge/functions/imgab26.php]
[constcourt.ge/functions/img9c7b.php]
[constcourt.ge/corp/forum/images-neon/icon_none.html]
[constcourt.ge/functions/img1d0c.php]
[constcourt.ge/functions/imgad75.php]
[constcourt.ge/functions/imgb3da.php]
[constcourt.ge/corp/forum/images-neon/nav_bckg.html]
[constcourt.ge/video/ccg/video_GEO.flv]
[constcourt.ge/corp/forum/images-neon/icon_backg.html]
[constcourt.ge/corp/forum/index86e5.html]
[constcourt.ge/corp/forum/tools1f40.html]
[constcourt.ge/corp/forum/index0060.html]
[constcourt.ge/corp/forum/tools7520.html]
[constcourt.ge/corp/forum/index1e74.html]
[constcourt.ge/corp/forum/index2582.html]
[constcourt.ge/corp/forum/index4e60.html]
[constcourt.ge/corp/forum/toolsa108.gif]
[constcourt.ge/corp/forum/tools414a.gif]
[constcourt.ge/corp/forum/tools343c.html]
[constcourt.ge/corp/forum/index0286.html]
[constcourt.ge/corp/forum/index26f3.html]
[constcourt.ge/corp/forum/indexb2a6.html]
[constcourt.ge/corp/forum/index899a.html]
[constcourt.ge/corp/forum/index06c9.html]
[constcourt.ge/corp/forum/tools8f02.html]
[constcourt.ge/corp/forum/tools72ea.html]
[constcourt.ge/corp/forum/tools0d54.html]
[constcourt.ge/corp/forum/toolse525.gif]
[constcourt.ge/corp/forum/tools8428.html]
[constcourt.ge/corp/forum/tools6121.html]
[constcourt.ge/corp/forum/toolsa2ae.html]
[constcourt.ge/corp/forum/tools380a.html]
[constcourt.ge/corp/forum/toolsbff4.html]
[constcourt.ge/corp/forum/tools9a84.gif]
[constcourt.ge/corp/forum/tools78e5.gif]
[constcourt.ge/corp/forum/toolsce5f.html]
[constcourt.ge/corp/forum/toolsee2c.gif]
[constcourt.ge/corp/forum/index32ee.html]
[constcourt.ge/corp/forum/tools5a0e.gif]
[constcourt.ge/corp/forum/tools4e43.html]
[constcourt.ge/corp/forum/index09e8.html]
[constcourt.ge/corp/forum/index36fc.html]
[constcourt.ge/corp/forum/tools0a0a.gif]
[constcourt.ge/corp/forum/tools79ed.html]
[constcourt.ge/corp/forum/toolsdad0.gif]
[constcourt.ge/corp/forum/toolse517.html]
[constcourt.ge/files/book_2006-2007.pdf]
[constcourt.ge/files/sarchelebi/580_21_03_2014.doc]
[constcourt.ge/functions/img269b.php]
[constcourt.ge/functions/img3c36.jpg]
[constcourt.ge/album/6_1246_620395.jpg]
[constcourt.ge/album/6_1246_174152.jpg]
[constcourt.ge/functions/imgfab7.jpg]
[constcourt.ge/files/sarchelebi/573_01_14.doc]
[constcourt.ge/functions/imgab26.php]
[constcourt.ge/album/6_1224_264803.jpg]
[constcourt.ge/album/6_1224_867500.jpg]
[constcourt.ge/functions/img9c7b.php]
[constcourt.ge/functions/img1d0c.php]
[constcourt.ge/functions/imgad75.php]
[constcourt.ge/functions/imgb3da.php]
[constcourt.ge/corp/forum/tools8c7f.html]
[constcourt.ge/corp/forum/toolsad5a.html]
[constcourt.ge/corp/forum/toolsddba.html]
[constcourt.ge/corp/forum/toolscffa.html]
[constcourt.ge/corp/forum/tools3a6e.html]
[constcourt.ge/corp/forum/toolsbeaf.html]
[constcourt.ge/files/book_2006-2007.pdf]
[constcourt.ge/files/sarchelebi/580_21_03_2014.doc]
[constcourt.ge/album/6_1246_620395.jpg]
[constcourt.ge/album/6_1246_174152.jpg]
[constcourt.ge/files/sarchelebi/573_01_14.doc]
[constcourt.ge/album/6_1224_264803.jpg]
[constcourt.ge/album/6_1224_867500.jpg]
